nohup: ignoring input
+ [host.host0] /home/user/Documents/simbricks/sims/external/qemu/build/qemu-img create -f qcow2 -F qcow2 -o backing_file="/home/user/Documents/simbricks/images/output-hcop/hcop" /home/user/Documents/simbricks/experiments/out/simulation-hcop_br_dh/47/tmp/imgs/hdcopy.34.2.0
+ [host.host1] /home/user/Documents/simbricks/sims/external/qemu/build/qemu-img create -f qcow2 -F qcow2 -o backing_file="/home/user/Documents/simbricks/images/output-hcop/hcop" /home/user/Documents/simbricks/experiments/out/simulation-hcop_br_dh/47/tmp/imgs/hdcopy.36.10.0
+ [host.host-dpu] /home/user/Documents/simbricks/sims/external/qemu/build/qemu-img create -f qcow2 -F qcow2 -o backing_file="/home/user/Documents/simbricks/images/output-hcop/hcop" /home/user/Documents/simbricks/experiments/out/simulation-hcop_br_dh/47/tmp/imgs/hdcopy.38.18.0
[host.host0] Formatting '/home/user/Documents/simbricks/experiments/out/simulation-hcop_br_dh/47/tmp/imgs/hdcopy.34.2.0', fmt=qcow2 cluster_size=65536 extended_l2=off compression_type=zlib size=42949672960 backing_file=/home/user/Documents/simbricks/images/output-hcop/hcop backing_fmt=qcow2 lazy_refcounts=off refcount_bits=16
[host.host1] Formatting '/home/user/Documents/simbricks/experiments/out/simulation-hcop_br_dh/47/tmp/imgs/hdcopy.36.10.0', fmt=qcow2 cluster_size=65536 extended_l2=off compression_type=zlib size=42949672960 backing_file=/home/user/Documents/simbricks/images/output-hcop/hcop backing_fmt=qcow2 lazy_refcounts=off refcount_bits=16
[host.host-dpu] Formatting '/home/user/Documents/simbricks/experiments/out/simulation-hcop_br_dh/47/tmp/imgs/hdcopy.38.18.0', fmt=qcow2 cluster_size=65536 extended_l2=off compression_type=zlib size=42949672960 backing_file=/home/user/Documents/simbricks/images/output-hcop/hcop backing_fmt=qcow2 lazy_refcounts=off refcount_bits=16
- [host.host0] exited with code 0
- [host.host1] exited with code 0
- [host.host-dpu] exited with code 0
+ [nic.NICSim-35] /home/user/Documents/simbricks/sims/nic/i40e_bm/i40e_bm listen:/home/user/Documents/simbricks/experiments/out/simulation-hcop_br_dh/47/tmp/shm/pci-7.8.6:/home/user/Documents/simbricks/experiments/out/simulation-hcop_br_dh/47/tmp/shm/nic.NICSim-35-shm-pool-35:sync=true:latency=500:sync_interval=500 listen:/home/user/Documents/simbricks/experiments/out/simulation-hcop_br_dh/47/tmp/shm/eth-5.28.27:/home/user/Documents/simbricks/experiments/out/simulation-hcop_br_dh/47/tmp/shm/nic.NICSim-35-shm-pool-35:sync=true:latency=500:sync_interval=500 0 
+ [nic.NICSim-37] /home/user/Documents/simbricks/sims/nic/i40e_bm/i40e_bm listen:/home/user/Documents/simbricks/experiments/out/simulation-hcop_br_dh/47/tmp/shm/pci-15.16.14:/home/user/Documents/simbricks/experiments/out/simulation-hcop_br_dh/47/tmp/shm/nic.NICSim-37-shm-pool-37:sync=true:latency=500:sync_interval=500 listen:/home/user/Documents/simbricks/experiments/out/simulation-hcop_br_dh/47/tmp/shm/eth-13.30.29:/home/user/Documents/simbricks/experiments/out/simulation-hcop_br_dh/47/tmp/shm/nic.NICSim-37-shm-pool-37:sync=true:latency=500:sync_interval=500 0 
+ [nic.DpuBMSim-39] /home/user/Documents/simbricks/sims/nic/dpu_bm/dpu_bm listen:/home/user/Documents/simbricks/experiments/out/simulation-hcop_br_dh/47/tmp/shm/pci-23.24.22:/home/user/Documents/simbricks/experiments/out/simulation-hcop_br_dh/47/tmp/shm/nic.DpuBMSim-39-shm-pool-39:sync=true:latency=500:sync_interval=500 listen:/home/user/Documents/simbricks/experiments/out/simulation-hcop_br_dh/47/tmp/shm/eth-21.32.31:/home/user/Documents/simbricks/experiments/out/simulation-hcop_br_dh/47/tmp/shm/nic.DpuBMSim-39-shm-pool-39:sync=true:latency=500:sync_interval=500 0  -c /home/user/Documents/simbricks/experiments/out/simulation-hcop_br_dh/47/output/output.nic.DpuBMSim-39-39/dpu_config.json
simulation-hcop_br_dh: waiting for sockets nic.NICSim-35
simulation-hcop_br_dh: waited successfully for sockets nic.NICSim-35
simulation-hcop_br_dh: waiting for sockets nic.NICSim-37
simulation-hcop_br_dh: waited successfully for sockets nic.NICSim-37
simulation-hcop_br_dh: waiting for sockets nic.DpuBMSim-39
simulation-hcop_br_dh: waited successfully for sockets nic.DpuBMSim-39
+ [host.host0] /home/user/Documents/simbricks/sims/external/qemu/build/qemu-system-x86_64 -L /home/user/Documents/simbricks/sims/external/qemu/pc-bios -machine q35 -serial mon:stdio -cpu Skylake-Server -display none -nic none -kernel /home/user/Documents/simbricks/images/bzImage -drive file=/home/user/Documents/simbricks/experiments/out/simulation-hcop_br_dh/47/tmp/imgs/hdcopy.34.2.0,if=ide,index=0,media=disk,driver=qcow2 -drive file=/home/user/Documents/simbricks/experiments/out/simulation-hcop_br_dh/47/tmp/imgs/3.raw,if=ide,index=1,media=disk,driver=raw -append "earlyprintk=ttyS0 console=ttyS0 root=/dev/sda1 init=/home/ubuntu/guestinit.sh rw" -m 2048 -smp 1  -icount shift=-2,sleep=off -device simbricks-pci,socket=/home/user/Documents/simbricks/experiments/out/simulation-hcop_br_dh/47/tmp/shm/pci-7.8.6,sync=on,pci-latency=500,sync-period=500 
+ [host.host1] /home/user/Documents/simbricks/sims/external/qemu/build/qemu-system-x86_64 -L /home/user/Documents/simbricks/sims/external/qemu/pc-bios -machine q35 -serial mon:stdio -cpu Skylake-Server -display none -nic none -kernel /home/user/Documents/simbricks/images/bzImage -drive file=/home/user/Documents/simbricks/experiments/out/simulation-hcop_br_dh/47/tmp/imgs/hdcopy.36.10.0,if=ide,index=0,media=disk,driver=qcow2 -drive file=/home/user/Documents/simbricks/experiments/out/simulation-hcop_br_dh/47/tmp/imgs/11.raw,if=ide,index=1,media=disk,driver=raw -append "earlyprintk=ttyS0 console=ttyS0 root=/dev/sda1 init=/home/ubuntu/guestinit.sh rw" -m 2048 -smp 1  -icount shift=-2,sleep=off -device simbricks-pci,socket=/home/user/Documents/simbricks/experiments/out/simulation-hcop_br_dh/47/tmp/shm/pci-15.16.14,sync=on,pci-latency=500,sync-period=500 
+ [net.HCOPSwitchSim-40] /home/user/Documents/simbricks/sims/net/hcop_switch/hcop_switch -S 500 -E 500 -s /home/user/Documents/simbricks/experiments/out/simulation-hcop_br_dh/47/tmp/shm/eth-5.28.27 -s /home/user/Documents/simbricks/experiments/out/simulation-hcop_br_dh/47/tmp/shm/eth-13.30.29 -s /home/user/Documents/simbricks/experiments/out/simulation-hcop_br_dh/47/tmp/shm/eth-21.32.31 -c /home/user/Documents/simbricks/experiments/out/simulation-hcop_br_dh/47/output/output.net.HCOPSwitchSim-40-40/switch_config.json
+ [host.host-dpu] /home/user/Documents/simbricks/sims/external/qemu/build/qemu-system-x86_64 -L /home/user/Documents/simbricks/sims/external/qemu/pc-bios -machine q35 -serial mon:stdio -cpu Skylake-Server -display none -nic none -kernel /home/user/Documents/simbricks/images/bzImage -drive file=/home/user/Documents/simbricks/experiments/out/simulation-hcop_br_dh/47/tmp/imgs/hdcopy.38.18.0,if=ide,index=0,media=disk,driver=qcow2 -drive file=/home/user/Documents/simbricks/experiments/out/simulation-hcop_br_dh/47/tmp/imgs/19.raw,if=ide,index=1,media=disk,driver=raw -append "earlyprintk=ttyS0 console=ttyS0 root=/dev/sda1 init=/home/ubuntu/guestinit.sh rw" -m 2048 -smp 1  -icount shift=-2,sleep=off -device simbricks-pci,socket=/home/user/Documents/simbricks/experiments/out/simulation-hcop_br_dh/47/tmp/shm/pci-23.24.22,sync=on,pci-latency=500,sync-period=500 
[host.host0] qemu-system-x86_64: -icount shift=-2,sleep=off: warning: time_shift=-2
[net.HCOPSwitchSim-40] SwitchConfig::Load parsing JSON barrier_default_participants=2 set to 2
[net.HCOPSwitchSim-40] HcopSwitch running...
[net.HCOPSwitchSim-40] HcopSwitch running... interval ns: 10000000
[host.host1] qemu-system-x86_64: -icount shift=-2,sleep=off: warning: time_shift=-2
[host.host-dpu] qemu-system-x86_64: -icount shift=-2,sleep=off: warning: time_shift=-2
[host.host0] qemu-system-x86_64: warning: TCG doesn't support requested feature: CPUID.01H:ECX.fma [bit 12]
[host.host0] qemu-system-x86_64: warning: TCG doesn't support requested feature: CPUID.01H:ECX.pcid [bit 17]
[host.host0] qemu-system-x86_64: warning: TCG doesn't support requested feature: CPUID.01H:ECX.x2apic [bit 21]
[host.host0] qemu-system-x86_64: warning: TCG doesn't support requested feature: CPUID.01H:ECX.tsc-deadline [bit 24]
[host.host0] qemu-system-x86_64: warning: TCG doesn't support requested feature: CPUID.01H:ECX.avx [bit 28]
[host.host0] qemu-system-x86_64: warning: TCG doesn't support requested feature: CPUID.01H:ECX.f16c [bit 29]
[host.host0] qemu-system-x86_64: warning: TCG doesn't support requested feature: CPUID.07H:EBX.hle [bit 4]
[host.host0] qemu-system-x86_64: warning: TCG doesn't support requested feature: CPUID.07H:EBX.avx2 [bit 5]
[host.host0] qemu-system-x86_64: warning: TCG doesn't support requested feature: CPUID.07H:EBX.invpcid [bit 10]
[host.host0] qemu-system-x86_64: warning: TCG doesn't support requested feature: CPUID.07H:EBX.rtm [bit 11]
[host.host0] qemu-system-x86_64: warning: TCG doesn't support requested feature: CPUID.07H:EBX.avx512f [bit 16]
[host.host0] qemu-system-x86_64: warning: TCG doesn't support requested feature: CPUID.07H:EBX.avx512dq [bit 17]
[host.host0] qemu-system-x86_64: warning: TCG doesn't support requested feature: CPUID.07H:EBX.rdseed [bit 18]
[host.host0] qemu-system-x86_64: warning: TCG doesn't support requested feature: CPUID.07H:EBX.avx512cd [bit 28]
[host.host0] qemu-system-x86_64: warning: TCG doesn't support requested feature: CPUID.07H:EBX.avx512bw [bit 30]
[host.host0] qemu-system-x86_64: warning: TCG doesn't support requested feature: CPUID.07H:EBX.avx512vl [bit 31]
[host.host0] qemu-system-x86_64: warning: TCG doesn't support requested feature: CPUID.80000001H:ECX.3dnowprefetch [bit 8]
[host.host0] qemu-system-x86_64: warning: TCG doesn't support requested feature: CPUID.0DH:EAX.xsavec [bit 1]
[host.host1] qemu-system-x86_64: warning: TCG doesn't support requested feature: CPUID.01H:ECX.fma [bit 12]
[host.host1] qemu-system-x86_64: warning: TCG doesn't support requested feature: CPUID.01H:ECX.pcid [bit 17]
[host.host1] qemu-system-x86_64: warning: TCG doesn't support requested feature: CPUID.01H:ECX.x2apic [bit 21]
[host.host1] qemu-system-x86_64: warning: TCG doesn't support requested feature: CPUID.01H:ECX.tsc-deadline [bit 24]
[host.host1] qemu-system-x86_64: warning: TCG doesn't support requested feature: CPUID.01H:ECX.avx [bit 28]
[host.host1] qemu-system-x86_64: warning: TCG doesn't support requested feature: CPUID.01H:ECX.f16c [bit 29]
[host.host1] qemu-system-x86_64: warning: TCG doesn't support requested feature: CPUID.07H:EBX.hle [bit 4]
[host.host1] qemu-system-x86_64: warning: TCG doesn't support requested feature: CPUID.07H:EBX.avx2 [bit 5]
[host.host1] qemu-system-x86_64: warning: TCG doesn't support requested feature: CPUID.07H:EBX.invpcid [bit 10]
[host.host1] qemu-system-x86_64: warning: TCG doesn't support requested feature: CPUID.07H:EBX.rtm [bit 11]
[host.host1] qemu-system-x86_64: warning: TCG doesn't support requested feature: CPUID.07H:EBX.avx512f [bit 16]
[host.host1] qemu-system-x86_64: warning: TCG doesn't support requested feature: CPUID.07H:EBX.avx512dq [bit 17]
[host.host1] qemu-system-x86_64: warning: TCG doesn't support requested feature: CPUID.07H:EBX.rdseed [bit 18]
[host.host1] qemu-system-x86_64: warning: TCG doesn't support requested feature: CPUID.07H:EBX.avx512cd [bit 28]
[host.host1] qemu-system-x86_64: warning: TCG doesn't support requested feature: CPUID.07H:EBX.avx512bw [bit 30]
[host.host1] qemu-system-x86_64: warning: TCG doesn't support requested feature: CPUID.07H:EBX.avx512vl [bit 31]
[host.host1] qemu-system-x86_64: warning: TCG doesn't support requested feature: CPUID.80000001H:ECX.3dnowprefetch [bit 8]
[host.host1] qemu-system-x86_64: warning: TCG doesn't support requested feature: CPUID.0DH:EAX.xsavec [bit 1]
[host.host-dpu] qemu-system-x86_64: warning: TCG doesn't support requested feature: CPUID.01H:ECX.fma [bit 12]
[host.host-dpu] qemu-system-x86_64: warning: TCG doesn't support requested feature: CPUID.01H:ECX.pcid [bit 17]
[host.host-dpu] qemu-system-x86_64: warning: TCG doesn't support requested feature: CPUID.01H:ECX.x2apic [bit 21]
[host.host-dpu] qemu-system-x86_64: warning: TCG doesn't support requested feature: CPUID.01H:ECX.tsc-deadline [bit 24]
[host.host-dpu] qemu-system-x86_64: warning: TCG doesn't support requested feature: CPUID.01H:ECX.avx [bit 28]
[host.host-dpu] qemu-system-x86_64: warning: TCG doesn't support requested feature: CPUID.01H:ECX.f16c [bit 29]
[host.host-dpu] qemu-system-x86_64: warning: TCG doesn't support requested feature: CPUID.07H:EBX.hle [bit 4]
[host.host-dpu] qemu-system-x86_64: warning: TCG doesn't support requested feature: CPUID.07H:EBX.avx2 [bit 5]
[host.host-dpu] qemu-system-x86_64: warning: TCG doesn't support requested feature: CPUID.07H:EBX.invpcid [bit 10]
[host.host-dpu] qemu-system-x86_64: warning: TCG doesn't support requested feature: CPUID.07H:EBX.rtm [bit 11]
[host.host-dpu] qemu-system-x86_64: warning: TCG doesn't support requested feature: CPUID.07H:EBX.avx512f [bit 16]
[host.host-dpu] qemu-system-x86_64: warning: TCG doesn't support requested feature: CPUID.07H:EBX.avx512dq [bit 17]
[host.host-dpu] qemu-system-x86_64: warning: TCG doesn't support requested feature: CPUID.07H:EBX.rdseed [bit 18]
[host.host-dpu] qemu-system-x86_64: warning: TCG doesn't support requested feature: CPUID.07H:EBX.avx512cd [bit 28]
[host.host-dpu] qemu-system-x86_64: warning: TCG doesn't support requested feature: CPUID.07H:EBX.avx512bw [bit 30]
[host.host-dpu] qemu-system-x86_64: warning: TCG doesn't support requested feature: CPUID.07H:EBX.avx512vl [bit 31]
[host.host-dpu] qemu-system-x86_64: warning: TCG doesn't support requested feature: CPUID.80000001H:ECX.3dnowprefetch [bit 8]
[host.host-dpu] qemu-system-x86_64: warning: TCG doesn't support requested feature: CPUID.0DH:EAX.xsavec [bit 1]
[host.host-dpu] Wrong EFI loader signature.
[host.host-dpu] early console in extract_kernel
[host.host-dpu] input_data: 0x00000000023753a8
[host.host-dpu] input_len: 0x000000000044ecc8
[host.host-dpu] output: 0x0000000001000000
[host.host-dpu] output_len: 0x000000000178ba40
[host.host-dpu] kernel_total_size: 0x0000000001626000
[host.host-dpu] needed_size: 0x0000000001800000
[host.host-dpu] trampoline_32bit: 0x000000000009d000
[host.host-dpu] 
[host.host1] Wrong EFI loader signature.
[host.host1] early console in extract_kernel
[host.host1] input_data: 0x00000000023753a8
[host.host1] input_len: 0x000000000044ecc8
[host.host1] output: 0x0000000001000000
[host.host1] output_len: 0x000000000178ba40
[host.host1] kernel_total_size: 0x0000000001626000
[host.host1] needed_size: 0x0000000001800000
[host.host1] trampoline_32bit: 0x000000000009d000
[host.host1] 
[host.host0] Wrong EFI loader signature.
[host.host0] early console in extract_kernel
[host.host0] input_data: 0x00000000023753a8
[host.host0] input_len: 0x000000000044ecc8
[host.host0] output: 0x0000000001000000
[host.host0] output_len: 0x000000000178ba40
[host.host0] kernel_total_size: 0x0000000001626000
[host.host0] needed_size: 0x0000000001800000
[host.host0] trampoline_32bit: 0x000000000009d000
[host.host0] 
[host.host-dpu] Decompressing Linux... Parsing ELF... done.
[host.host-dpu] Booting the kernel.
[host.host-dpu] [    0.000000] Linux version 5.15.93 (root@c73fa4753195) (gcc (Ubuntu 11.4.0-1ubuntu1~22.04) 11.4.0, GNU ld (GNU Binutils for Ubuntu) 2.38) #1 SMP Thu Feb 19 18:44:55 UTC 2026
[host.host-dpu] [    0.000000] Command line: earlyprintk=ttyS0 console=ttyS0 root=/dev/sda1 init=/home/ubuntu/guestinit.sh rw
[host.host-dpu] [    0.000000] x86/fpu: Supporting XSAVE feature 0x001: 'x87 floating point registers'
[host.host-dpu] [    0.000000] x86/fpu: Supporting XSAVE feature 0x002: 'SSE registers'
[host.host-dpu] [    0.000000] x86/fpu: Supporting XSAVE feature 0x200: 'Protection Keys User registers'
[host.host-dpu] [    0.000000] x86/fpu: xstate_offset[9]: 2688, xstate_sizes[9]:    8
[host.host-dpu] [    0.000000] x86/fpu: Enabled xstate features 0x203, context size is 2696 bytes, using 'standard' format.
[host.host-dpu] [    0.000000] signal: max sigframe size: 3632
[host.host-dpu] [    0.000000] BIOS-provided physical RAM map:
[host.host-dpu] [    0.000000] BIOS-e820: [mem 0x0000000000000000-0x000000000009fbff] usable
[host.host-dpu] [    0.000000] BIOS-e820: [mem 0x000000000009fc00-0x000000000009ffff] reserved
[host.host-dpu] [    0.000000] BIOS-e820: [mem 0x00000000000f0000-0x00000000000fffff] reserved
[host.host-dpu] [    0.000000] BIOS-e820: [mem 0x0000000000100000-0x000000007ffddfff] usable
[host.host-dpu] [    0.000000] BIOS-e820: [mem 0x000000007ffde000-0x000000007fffffff] reserved
[host.host-dpu] [    0.000000] BIOS-e820: [mem 0x00000000b0000000-0x00000000bfffffff] reserved
[host.host-dpu] [    0.000000] BIOS-e820: [mem 0x00000000fed1c000-0x00000000fed1ffff] reserved
[host.host-dpu] [    0.000000] BIOS-e820: [mem 0x00000000fffc0000-0x00000000ffffffff] reserved
[host.host-dpu] [    0.000000] printk: bootconsole [earlyser0] enabled
[host.host-dpu] [    0.000000] NX (Execute Disable) protection: active
[host.host-dpu] [    0.000000] SMBIOS 2.8 present.
[host.host-dpu] [    0.000000] DMI: QEMU Standard PC (Q35 + ICH9, 2009), BIOS rel-1.14.0-0-g155821a1990b-prebuilt.qemu.org 04/01/2014
[host.host-dpu] [    0.000000] tsc: Fast TSC calibration failed
[host.host-dpu] [    0.000000] tsc: calibrated TSC: tsc_freq=0
[host.host1] Decompressing Linux... Parsing ELF... done.
[host.host1] Booting the kernel.
[host.host1] [    0.000000] Linux version 5.15.93 (root@c73fa4753195) (gcc (Ubuntu 11.4.0-1ubuntu1~22.04) 11.4.0, GNU ld (GNU Binutils for Ubuntu) 2.38) #1 SMP Thu Feb 19 18:44:55 UTC 2026
[host.host1] [    0.000000] Command line: earlyprintk=ttyS0 console=ttyS0 root=/dev/sda1 init=/home/ubuntu/guestinit.sh rw
[host.host1] [    0.000000] x86/fpu: Supporting XSAVE feature 0x001: 'x87 floating point registers'
[host.host1] [    0.000000] x86/fpu: Supporting XSAVE feature 0x002: 'SSE registers'
[host.host1] [    0.000000] x86/fpu: Supporting XSAVE feature 0x200: 'Protection Keys User registers'
[host.host1] [    0.000000] x86/fpu: xstate_offset[9]: 2688, xstate_sizes[9]:    8
[host.host1] [    0.000000] x86/fpu: Enabled xstate features 0x203, context size is 2696 bytes, using 'standard' format.
[host.host1] [    0.000000] signal: max sigframe size: 3632
[host.host1] [    0.000000] BIOS-provided physical RAM map:
[host.host1] [    0.000000] BIOS-e820: [mem 0x0000000000000000-0x000000000009fbff] usable
[host.host1] [    0.000000] BIOS-e820: [mem 0x000000000009fc00-0x000000000009ffff] reserved
[host.host1] [    0.000000] BIOS-e820: [mem 0x00000000000f0000-0x00000000000fffff] reserved
[host.host1] [    0.000000] BIOS-e820: [mem 0x0000000000100000-0x000000007ffddfff] usable
[host.host1] [    0.000000] BIOS-e820: [mem 0x000000007ffde000-0x000000007fffffff] reserved
[host.host1] [    0.000000] BIOS-e820: [mem 0x00000000b0000000-0x00000000bfffffff] reserved
[host.host1] [    0.000000] BIOS-e820: [mem 0x00000000fed1c000-0x00000000fed1ffff] reserved
[host.host1] [    0.000000] BIOS-e820: [mem 0x00000000fffc0000-0x00000000ffffffff] reserved
[host.host1] [    0.000000] printk: bootconsole [earlyser0] enabled
[host.host1] [    0.000000] NX (Execute Disable) protection: active
[host.host1] [    0.000000] SMBIOS 2.8 present.
[host.host1] [    0.000000] DMI: QEMU Standard PC (Q35 + ICH9, 2009), BIOS rel-1.14.0-0-g155821a1990b-prebuilt.qemu.org 04/01/2014
[host.host1] [    0.000000] tsc: Fast TSC calibration failed
[host.host1] [    0.000000] tsc: calibrated TSC: tsc_freq=0
[host.host0] Decompressing Linux... Parsing ELF... done.
[host.host0] Booting the kernel.
[host.host0] [    0.000000] Linux version 5.15.93 (root@c73fa4753195) (gcc (Ubuntu 11.4.0-1ubuntu1~22.04) 11.4.0, GNU ld (GNU Binutils for Ubuntu) 2.38) #1 SMP Thu Feb 19 18:44:55 UTC 2026
[host.host0] [    0.000000] Command line: earlyprintk=ttyS0 console=ttyS0 root=/dev/sda1 init=/home/ubuntu/guestinit.sh rw
[host.host0] [    0.000000] x86/fpu: Supporting XSAVE feature 0x001: 'x87 floating point registers'
[host.host0] [    0.000000] x86/fpu: Supporting XSAVE feature 0x002: 'SSE registers'
[host.host0] [    0.000000] x86/fpu: Supporting XSAVE feature 0x200: 'Protection Keys User registers'
[host.host0] [    0.000000] x86/fpu: xstate_offset[9]: 2688, xstate_sizes[9]:    8
[host.host0] [    0.000000] x86/fpu: Enabled xstate features 0x203, context size is 2696 bytes, using 'standard' format.
[host.host0] [    0.000000] signal: max sigframe size: 3632
[host.host0] [    0.000000] BIOS-provided physical RAM map:
[host.host0] [    0.000000] BIOS-e820: [mem 0x0000000000000000-0x000000000009fbff] usable
[host.host0] [    0.000000] BIOS-e820: [mem 0x000000000009fc00-0x000000000009ffff] reserved
[host.host0] [    0.000000] BIOS-e820: [mem 0x00000000000f0000-0x00000000000fffff] reserved
[host.host0] [    0.000000] BIOS-e820: [mem 0x0000000000100000-0x000000007ffddfff] usable
[host.host0] [    0.000000] BIOS-e820: [mem 0x000000007ffde000-0x000000007fffffff] reserved
[host.host0] [    0.000000] BIOS-e820: [mem 0x00000000b0000000-0x00000000bfffffff] reserved
[host.host0] [    0.000000] BIOS-e820: [mem 0x00000000fed1c000-0x00000000fed1ffff] reserved
[host.host0] [    0.000000] BIOS-e820: [mem 0x00000000fffc0000-0x00000000ffffffff] reserved
[host.host0] [    0.000000] printk: bootconsole [earlyser0] enabled
[host.host0] [    0.000000] NX (Execute Disable) protection: active
[host.host0] [    0.000000] SMBIOS 2.8 present.
[host.host0] [    0.000000] DMI: QEMU Standard PC (Q35 + ICH9, 2009), BIOS rel-1.14.0-0-g155821a1990b-prebuilt.qemu.org 04/01/2014
[host.host0] [    0.000000] tsc: Fast TSC calibration failed
[host.host0] [    0.000000] tsc: calibrated TSC: tsc_freq=0
[host.host-dpu] [    0.000000] last_pfn = 0x7ffde max_arch_pfn = 0x400000000
[host.host-dpu] [    0.000000] x86/PAT: Configuration [0-7]: WB  WC  UC- UC  WB  WP  UC- WT  
[host.host-dpu] [    0.000000] found SMP MP-table at [mem 0x000f5ab0-0x000f5abf]
[host.host-dpu] [    0.000000] Using GB pages for direct mapping
[host.host1] [    0.000000] last_pfn = 0x7ffde max_arch_pfn = 0x400000000
[host.host1] [    0.000000] x86/PAT: Configuration [0-7]: WB  WC  UC- UC  WB  WP  UC- WT  
[host.host1] [    0.000000] found SMP MP-table at [mem 0x000f5ab0-0x000f5abf]
[host.host1] [    0.000000] Using GB pages for direct mapping
[host.host0] [    0.000000] last_pfn = 0x7ffde max_arch_pfn = 0x400000000
[host.host0] [    0.000000] x86/PAT: Configuration [0-7]: WB  WC  UC- UC  WB  WP  UC- WT  
[host.host0] [    0.000000] found SMP MP-table at [mem 0x000f5ab0-0x000f5abf]
[host.host0] [    0.000000] Using GB pages for direct mapping
[host.host-dpu] [    0.000000] ACPI: Early table checksum verification disabled
[host.host-dpu] [    0.000000] ACPI: RSDP 0x00000000000F58E0 000014 (v00 BOCHS )
[host.host-dpu] [    0.000000] ACPI: RSDT 0x000000007FFE20CE 000038 (v01 BOCHS  BXPCRSDT 00000001 BXPC 00000001)
[host.host-dpu] [    0.000000] ACPI: FACP 0x000000007FFE1EC6 0000F4 (v03 BOCHS  BXPCFACP 00000001 BXPC 00000001)
[host.host-dpu] [    0.000000] ACPI: DSDT 0x000000007FFE0040 001E86 (v01 BOCHS  BXPCDSDT 00000001 BXPC 00000001)
[host.host-dpu] [    0.000000] ACPI: FACS 0x000000007FFE0000 000040
[host.host-dpu] [    0.000000] ACPI: APIC 0x000000007FFE1FBA 000078 (v01 BOCHS  BXPCAPIC 00000001 BXPC 00000001)
[host.host-dpu] [    0.000000] ACPI: HPET 0x000000007FFE2032 000038 (v01 BOCHS  BXPCHPET 00000001 BXPC 00000001)
[host.host-dpu] [    0.000000] ACPI: MCFG 0x000000007FFE206A 00003C (v01 BOCHS  BXPCMCFG 00000001 BXPC 00000001)
[host.host-dpu] [    0.000000] ACPI: WAET 0x000000007FFE20A6 000028 (v01 BOCHS  BXPCWAET 00000001 BXPC 00000001)
[host.host-dpu] [    0.000000] ACPI: Reserving FACP table memory at [mem 0x7ffe1ec6-0x7ffe1fb9]
[host.host-dpu] [    0.000000] ACPI: Reserving DSDT table memory at [mem 0x7ffe0040-0x7ffe1ec5]
[host.host-dpu] [    0.000000] ACPI: Reserving FACS table memory at [mem 0x7ffe0000-0x7ffe003f]
[host.host-dpu] [    0.000000] ACPI: Reserving APIC table memory at [mem 0x7ffe1fba-0x7ffe2031]
[host.host-dpu] [    0.000000] ACPI: Reserving HPET table memory at [mem 0x7ffe2032-0x7ffe2069]
[host.host-dpu] [    0.000000] ACPI: Reserving MCFG table memory at [mem 0x7ffe206a-0x7ffe20a5]
[host.host-dpu] [    0.000000] ACPI: Reserving WAET table memory at [mem 0x7ffe20a6-0x7ffe20cd]
[host.host-dpu] [    0.000000] No NUMA configuration found
[host.host-dpu] [    0.000000] Faking a node at [mem 0x0000000000000000-0x000000007ffddfff]
[host.host-dpu] [    0.000000] NODE_DATA(0) allocated [mem 0x7ffbc000-0x7ffddfff]
[host.host-dpu] [    0.000000] Zone ranges:
[host.host-dpu] [    0.000000]   DMA      [mem 0x0000000000001000-0x0000000000ffffff]
[host.host-dpu] [    0.000000]   DMA32    [mem 0x0000000001000000-0x000000007ffddfff]
[host.host-dpu] [    0.000000]   Normal   empty
[host.host-dpu] [    0.000000] Movable zone start for each node
[host.host-dpu] [    0.000000] Early memory node ranges
[host.host-dpu] [    0.000000]   node   0: [mem 0x0000000000001000-0x000000000009efff]
[host.host-dpu] [    0.000000]   node   0: [mem 0x0000000000100000-0x000000007ffddfff]
[host.host-dpu] [    0.000000] Initmem setup node 0 [mem 0x0000000000001000-0x000000007ffddfff]
[host.host-dpu] [    0.000000] On node 0, zone DMA: 1 pages in unavailable ranges
[host.host1] [    0.000000] ACPI: Early table checksum verification disabled
[host.host1] [    0.000000] ACPI: RSDP 0x00000000000F58E0 000014 (v00 BOCHS )
[host.host1] [    0.000000] ACPI: RSDT 0x000000007FFE20CE 000038 (v01 BOCHS  BXPCRSDT 00000001 BXPC 00000001)
[host.host1] [    0.000000] ACPI: FACP 0x000000007FFE1EC6 0000F4 (v03 BOCHS  BXPCFACP 00000001 BXPC 00000001)
[host.host1] [    0.000000] ACPI: DSDT 0x000000007FFE0040 001E86 (v01 BOCHS  BXPCDSDT 00000001 BXPC 00000001)
[host.host1] [    0.000000] ACPI: FACS 0x000000007FFE0000 000040
[host.host1] [    0.000000] ACPI: APIC 0x000000007FFE1FBA 000078 (v01 BOCHS  BXPCAPIC 00000001 BXPC 00000001)
[host.host1] [    0.000000] ACPI: HPET 0x000000007FFE2032 000038 (v01 BOCHS  BXPCHPET 00000001 BXPC 00000001)
[host.host1] [    0.000000] ACPI: MCFG 0x000000007FFE206A 00003C (v01 BOCHS  BXPCMCFG 00000001 BXPC 00000001)
[host.host1] [    0.000000] ACPI: WAET 0x000000007FFE20A6 000028 (v01 BOCHS  BXPCWAET 00000001 BXPC 00000001)
[host.host1] [    0.000000] ACPI: Reserving FACP table memory at [mem 0x7ffe1ec6-0x7ffe1fb9]
[host.host1] [    0.000000] ACPI: Reserving DSDT table memory at [mem 0x7ffe0040-0x7ffe1ec5]
[host.host1] [    0.000000] ACPI: Reserving FACS table memory at [mem 0x7ffe0000-0x7ffe003f]
[host.host1] [    0.000000] ACPI: Reserving APIC table memory at [mem 0x7ffe1fba-0x7ffe2031]
[host.host1] [    0.000000] ACPI: Reserving HPET table memory at [mem 0x7ffe2032-0x7ffe2069]
[host.host1] [    0.000000] ACPI: Reserving MCFG table memory at [mem 0x7ffe206a-0x7ffe20a5]
[host.host1] [    0.000000] ACPI: Reserving WAET table memory at [mem 0x7ffe20a6-0x7ffe20cd]
[host.host1] [    0.000000] No NUMA configuration found
[host.host1] [    0.000000] Faking a node at [mem 0x0000000000000000-0x000000007ffddfff]
[host.host1] [    0.000000] NODE_DATA(0) allocated [mem 0x7ffbc000-0x7ffddfff]
[host.host1] [    0.000000] Zone ranges:
[host.host1] [    0.000000]   DMA      [mem 0x0000000000001000-0x0000000000ffffff]
[host.host1] [    0.000000]   DMA32    [mem 0x0000000001000000-0x000000007ffddfff]
[host.host1] [    0.000000]   Normal   empty
[host.host1] [    0.000000] Movable zone start for each node
[host.host1] [    0.000000] Early memory node ranges
[host.host1] [    0.000000]   node   0: [mem 0x0000000000001000-0x000000000009efff]
[host.host1] [    0.000000]   node   0: [mem 0x0000000000100000-0x000000007ffddfff]
[host.host1] [    0.000000] Initmem setup node 0 [mem 0x0000000000001000-0x000000007ffddfff]
[host.host1] [    0.000000] On node 0, zone DMA: 1 pages in unavailable ranges
[host.host0] [    0.000000] ACPI: Early table checksum verification disabled
[host.host0] [    0.000000] ACPI: RSDP 0x00000000000F58E0 000014 (v00 BOCHS )
[host.host0] [    0.000000] ACPI: RSDT 0x000000007FFE20CE 000038 (v01 BOCHS  BXPCRSDT 00000001 BXPC 00000001)
[host.host0] [    0.000000] ACPI: FACP 0x000000007FFE1EC6 0000F4 (v03 BOCHS  BXPCFACP 00000001 BXPC 00000001)
[host.host0] [    0.000000] ACPI: DSDT 0x000000007FFE0040 001E86 (v01 BOCHS  BXPCDSDT 00000001 BXPC 00000001)
[host.host0] [    0.000000] ACPI: FACS 0x000000007FFE0000 000040
[host.host0] [    0.000000] ACPI: APIC 0x000000007FFE1FBA 000078 (v01 BOCHS  BXPCAPIC 00000001 BXPC 00000001)
[host.host0] [    0.000000] ACPI: HPET 0x000000007FFE2032 000038 (v01 BOCHS  BXPCHPET 00000001 BXPC 00000001)
[host.host0] [    0.000000] ACPI: MCFG 0x000000007FFE206A 00003C (v01 BOCHS  BXPCMCFG 00000001 BXPC 00000001)
[host.host0] [    0.000000] ACPI: WAET 0x000000007FFE20A6 000028 (v01 BOCHS  BXPCWAET 00000001 BXPC 00000001)
[host.host0] [    0.000000] ACPI: Reserving FACP table memory at [mem 0x7ffe1ec6-0x7ffe1fb9]
[host.host0] [    0.000000] ACPI: Reserving DSDT table memory at [mem 0x7ffe0040-0x7ffe1ec5]
[host.host0] [    0.000000] ACPI: Reserving FACS table memory at [mem 0x7ffe0000-0x7ffe003f]
[host.host0] [    0.000000] ACPI: Reserving APIC table memory at [mem 0x7ffe1fba-0x7ffe2031]
[host.host0] [    0.000000] ACPI: Reserving HPET table memory at [mem 0x7ffe2032-0x7ffe2069]
[host.host0] [    0.000000] ACPI: Reserving MCFG table memory at [mem 0x7ffe206a-0x7ffe20a5]
[host.host0] [    0.000000] ACPI: Reserving WAET table memory at [mem 0x7ffe20a6-0x7ffe20cd]
[host.host0] [    0.000000] No NUMA configuration found
[host.host0] [    0.000000] Faking a node at [mem 0x0000000000000000-0x000000007ffddfff]
[host.host0] [    0.000000] NODE_DATA(0) allocated [mem 0x7ffbc000-0x7ffddfff]
[host.host0] [    0.000000] Zone ranges:
[host.host0] [    0.000000]   DMA      [mem 0x0000000000001000-0x0000000000ffffff]
[host.host0] [    0.000000]   DMA32    [mem 0x0000000001000000-0x000000007ffddfff]
[host.host0] [    0.000000]   Normal   empty
[host.host0] [    0.000000] Movable zone start for each node
[host.host0] [    0.000000] Early memory node ranges
[host.host0] [    0.000000]   node   0: [mem 0x0000000000001000-0x000000000009efff]
[host.host0] [    0.000000]   node   0: [mem 0x0000000000100000-0x000000007ffddfff]
[host.host0] [    0.000000] Initmem setup node 0 [mem 0x0000000000001000-0x000000007ffddfff]
[host.host0] [    0.000000] On node 0, zone DMA: 1 pages in unavailable ranges
[host.host-dpu] [    0.000000] On node 0, zone DMA: 97 pages in unavailable ranges
[host.host-dpu] [    0.000000] On node 0, zone DMA32: 34 pages in unavailable ranges
[host.host-dpu] [    0.000000] ACPI: PM-Timer IO Port: 0x608
[host.host-dpu] [    0.000000] ACPI: LAPIC_NMI (acpi_id[0xff] dfl dfl lint[0x1])
[host.host-dpu] [    0.000000] IOAPIC[0]: apic_id 0, version 32, address 0xfec00000, GSI 0-23
[host.host-dpu] [    0.000000] ACPI: INT_SRC_OVR (bus 0 bus_irq 0 global_irq 2 dfl dfl)
[host.host-dpu] [    0.000000] ACPI: INT_SRC_OVR (bus 0 bus_irq 5 global_irq 5 high level)
[host.host-dpu] [    0.000000] ACPI: INT_SRC_OVR (bus 0 bus_irq 9 global_irq 9 high level)
[host.host-dpu] [    0.000000] ACPI: INT_SRC_OVR (bus 0 bus_irq 10 global_irq 10 high level)
[host.host-dpu] [    0.000000] ACPI: INT_SRC_OVR (bus 0 bus_irq 11 global_irq 11 high level)
[host.host-dpu] [    0.000000] ACPI: Using ACPI (MADT) for SMP configuration information
[host.host-dpu] [    0.000000] ACPI: HPET id: 0x8086a201 base: 0xfed00000
[host.host-dpu] [    0.000000] smpboot: Allowing 1 CPUs, 0 hotplug CPUs
[host.host-dpu] [    0.000000] [mem 0xc0000000-0xfed1bfff] available for PCI devices
[host.host-dpu] [    0.000000] Booting paravirtualized kernel on bare hardware
[host.host-dpu] [    0.000000] clocksource: refined-jiffies: mask: 0xffffffff max_cycles: 0xffffffff, max_idle_ns: 1910969940391419 ns
[host.host1] [    0.000000] On node 0, zone DMA: 97 pages in unavailable ranges
[host.host1] [    0.000000] On node 0, zone DMA32: 34 pages in unavailable ranges
[host.host1] [    0.000000] ACPI: PM-Timer IO Port: 0x608
[host.host1] [    0.000000] ACPI: LAPIC_NMI (acpi_id[0xff] dfl dfl lint[0x1])
[host.host1] [    0.000000] IOAPIC[0]: apic_id 0, version 32, address 0xfec00000, GSI 0-23
[host.host1] [    0.000000] ACPI: INT_SRC_OVR (bus 0 bus_irq 0 global_irq 2 dfl dfl)
[host.host1] [    0.000000] ACPI: INT_SRC_OVR (bus 0 bus_irq 5 global_irq 5 high level)
[host.host1] [    0.000000] ACPI: INT_SRC_OVR (bus 0 bus_irq 9 global_irq 9 high level)
[host.host1] [    0.000000] ACPI: INT_SRC_OVR (bus 0 bus_irq 10 global_irq 10 high level)
[host.host1] [    0.000000] ACPI: INT_SRC_OVR (bus 0 bus_irq 11 global_irq 11 high level)
[host.host1] [    0.000000] ACPI: Using ACPI (MADT) for SMP configuration information
[host.host1] [    0.000000] ACPI: HPET id: 0x8086a201 base: 0xfed00000
[host.host1] [    0.000000] smpboot: Allowing 1 CPUs, 0 hotplug CPUs
[host.host1] [    0.000000] [mem 0xc0000000-0xfed1bfff] available for PCI devices
[host.host1] [    0.000000] Booting paravirtualized kernel on bare hardware
[host.host1] [    0.000000] clocksource: refined-jiffies: mask: 0xffffffff max_cycles: 0xffffffff, max_idle_ns: 1910969940391419 ns
[host.host0] [    0.000000] On node 0, zone DMA: 97 pages in unavailable ranges
[host.host0] [    0.000000] On node 0, zone DMA32: 34 pages in unavailable ranges
[host.host0] [    0.000000] ACPI: PM-Timer IO Port: 0x608
[host.host0] [    0.000000] ACPI: LAPIC_NMI (acpi_id[0xff] dfl dfl lint[0x1])
[host.host0] [    0.000000] IOAPIC[0]: apic_id 0, version 32, address 0xfec00000, GSI 0-23
[host.host0] [    0.000000] ACPI: INT_SRC_OVR (bus 0 bus_irq 0 global_irq 2 dfl dfl)
[host.host0] [    0.000000] ACPI: INT_SRC_OVR (bus 0 bus_irq 5 global_irq 5 high level)
[host.host0] [    0.000000] ACPI: INT_SRC_OVR (bus 0 bus_irq 9 global_irq 9 high level)
[host.host0] [    0.000000] ACPI: INT_SRC_OVR (bus 0 bus_irq 10 global_irq 10 high level)
[host.host0] [    0.000000] ACPI: INT_SRC_OVR (bus 0 bus_irq 11 global_irq 11 high level)
[host.host0] [    0.000000] ACPI: Using ACPI (MADT) for SMP configuration information
[host.host0] [    0.000000] ACPI: HPET id: 0x8086a201 base: 0xfed00000
[host.host0] [    0.000000] smpboot: Allowing 1 CPUs, 0 hotplug CPUs
[host.host0] [    0.000000] [mem 0xc0000000-0xfed1bfff] available for PCI devices
[host.host0] [    0.000000] Booting paravirtualized kernel on bare hardware
[host.host0] [    0.000000] clocksource: refined-jiffies: mask: 0xffffffff max_cycles: 0xffffffff, max_idle_ns: 1910969940391419 ns
[host.host-dpu] [    0.000000] setup_percpu: NR_CPUS:8192 nr_cpumask_bits:1 nr_cpu_ids:1 nr_node_ids:1
[host.host-dpu] [    0.000000] percpu: Embedded 50 pages/cpu s166936 r8192 d29672 u2097152
[host.host-dpu] [    0.000000] Built 1 zonelists, mobility grouping on.  Total pages: 516830
[host.host-dpu] [    0.000000] Policy zone: DMA32
[host.host-dpu] [    0.000000] Kernel command line: earlyprintk=ttyS0 console=ttyS0 root=/dev/sda1 init=/home/ubuntu/guestinit.sh rw
[host.host-dpu] [    0.000000] Dentry cache hash table entries: 262144 (order: 9, 2097152 bytes, linear)
[host.host-dpu] [    0.000000] Inode-cache hash table entries: 131072 (order: 8, 1048576 bytes, linear)
[host.host-dpu] [    0.000000] mem auto-init: stack:off, heap alloc:off, heap free:off
[host.host1] [    0.000000] setup_percpu: NR_CPUS:8192 nr_cpumask_bits:1 nr_cpu_ids:1 nr_node_ids:1
[host.host1] [    0.000000] percpu: Embedded 50 pages/cpu s166936 r8192 d29672 u2097152
[host.host1] [    0.000000] Built 1 zonelists, mobility grouping on.  Total pages: 516830
[host.host1] [    0.000000] Policy zone: DMA32
[host.host1] [    0.000000] Kernel command line: earlyprintk=ttyS0 console=ttyS0 root=/dev/sda1 init=/home/ubuntu/guestinit.sh rw
[host.host1] [    0.000000] Dentry cache hash table entries: 262144 (order: 9, 2097152 bytes, linear)
[host.host1] [    0.000000] Inode-cache hash table entries: 131072 (order: 8, 1048576 bytes, linear)
[host.host1] [    0.000000] mem auto-init: stack:off, heap alloc:off, heap free:off
[host.host0] [    0.000000] setup_percpu: NR_CPUS:8192 nr_cpumask_bits:1 nr_cpu_ids:1 nr_node_ids:1
[host.host0] [    0.000000] percpu: Embedded 50 pages/cpu s166936 r8192 d29672 u2097152
[host.host0] [    0.000000] Built 1 zonelists, mobility grouping on.  Total pages: 516830
[host.host0] [    0.000000] Policy zone: DMA32
[host.host0] [    0.000000] Kernel command line: earlyprintk=ttyS0 console=ttyS0 root=/dev/sda1 init=/home/ubuntu/guestinit.sh rw
[host.host0] [    0.000000] Dentry cache hash table entries: 262144 (order: 9, 2097152 bytes, linear)
[host.host0] [    0.000000] Inode-cache hash table entries: 131072 (order: 8, 1048576 bytes, linear)
[host.host0] [    0.000000] mem auto-init: stack:off, heap alloc:off, heap free:off
[host.host-dpu] [    0.000000] Memory: 2041056K/2096624K available (8197K kernel code, 1898K rwdata, 2248K rodata, 1924K init, 2516K bss, 55312K reserved, 0K cma-reserved)
[host.host-dpu] [    0.000000] rcu: Hierarchical RCU implementation.
[host.host-dpu] [    0.000000] rcu: 	RCU restricting CPUs from NR_CPUS=8192 to nr_cpu_ids=1.
[host.host-dpu] [    0.000000] rcu: RCU calculated value of scheduler-enlistment delay is 100 jiffies.
[host.host-dpu] [    0.000000] rcu: Adjusting geometry for rcu_fanout_leaf=16, nr_cpu_ids=1
[host.host-dpu] [    0.000000] NR_IRQS: 524544, nr_irqs: 256, preallocated irqs: 16
[host.host-dpu] [    0.000000] random: crng init done
[host.host-dpu] [    0.000000] Console: colour VGA+ 80x25
[host.host-dpu] [    0.000000] printk: console [ttyS0] enabled
[host.host-dpu] [    0.000000] printk: console [ttyS0] enabled
[host.host-dpu] [    0.000000] printk: bootconsole [earlyser0] disabled
[host.host-dpu] [    0.000000] printk: bootconsole [earlyser0] disabled
[host.host-dpu] [    0.000000] ACPI: Core revision 20210730
[host.host-dpu] [    0.000000] clocksource: hpet: mask: 0xffffffff max_cycles: 0xffffffff, max_idle_ns: 19112604467 ns
[host.host-dpu] [    0.000000] APIC: Switch to symmetric I/O mode setup
[host.host-dpu] [    0.000000] ..TIMER: vector=0x30 apic1=0 pin1=2 apic2=-1 pin2=-1
[host.host0] [    0.000000] Memory: 2041056K/2096624K available (8197K kernel code, 1898K rwdata, 2248K rodata, 1924K init, 2516K bss, 55312K reserved, 0K cma-reserved)
[host.host0] [    0.000000] rcu: Hierarchical RCU implementation.
[host.host0] [    0.000000] rcu: 	RCU restricting CPUs from NR_CPUS=8192 to nr_cpu_ids=1.
[host.host0] [    0.000000] rcu: RCU calculated value of scheduler-enlistment delay is 100 jiffies.
[host.host0] [    0.000000] rcu: Adjusting geometry for rcu_fanout_leaf=16, nr_cpu_ids=1
[host.host0] [    0.000000] NR_IRQS: 524544, nr_irqs: 256, preallocated irqs: 16
[host.host0] [    0.000000] random: crng init done
[host.host0] [    0.000000] Console: colour VGA+ 80x25
[host.host0] [    0.000000] printk: console [ttyS0] enabled
[host.host0] [    0.000000] printk: console [ttyS0] enabled
[host.host0] [    0.000000] printk: bootconsole [earlyser0] disabled
[host.host0] [    0.000000] printk: bootconsole [earlyser0] disabled
[host.host0] [    0.000000] ACPI: Core revision 20210730
[host.host0] [    0.000000] clocksource: hpet: mask: 0xffffffff max_cycles: 0xffffffff, max_idle_ns: 19112604467 ns
[host.host0] [    0.000000] APIC: Switch to symmetric I/O mode setup
[host.host0] [    0.000000] ..TIMER: vector=0x30 apic1=0 pin1=2 apic2=-1 pin2=-1
[host.host1] [    0.000000] Memory: 2041056K/2096624K available (8197K kernel code, 1898K rwdata, 2248K rodata, 1924K init, 2516K bss, 55312K reserved, 0K cma-reserved)
[host.host1] [    0.000000] rcu: Hierarchical RCU implementation.
[host.host1] [    0.000000] rcu: 	RCU restricting CPUs from NR_CPUS=8192 to nr_cpu_ids=1.
[host.host1] [    0.000000] rcu: RCU calculated value of scheduler-enlistment delay is 100 jiffies.
[host.host1] [    0.000000] rcu: Adjusting geometry for rcu_fanout_leaf=16, nr_cpu_ids=1
[host.host1] [    0.000000] NR_IRQS: 524544, nr_irqs: 256, preallocated irqs: 16
[host.host1] [    0.000000] random: crng init done
[host.host1] [    0.000000] Console: colour VGA+ 80x25
[host.host1] [    0.000000] printk: console [ttyS0] enabled
[host.host1] [    0.000000] printk: console [ttyS0] enabled
[host.host1] [    0.000000] printk: bootconsole [earlyser0] disabled
[host.host1] [    0.000000] printk: bootconsole [earlyser0] disabled
[host.host1] [    0.000000] ACPI: Core revision 20210730
[host.host1] [    0.000000] clocksource: hpet: mask: 0xffffffff max_cycles: 0xffffffff, max_idle_ns: 19112604467 ns
[host.host1] [    0.000000] APIC: Switch to symmetric I/O mode setup
[host.host1] [    0.000000] ..TIMER: vector=0x30 apic1=0 pin1=2 apic2=-1 pin2=-1
[host.host-dpu] [    0.007000] tsc: PIT calibration matches HPET. 1 loops
[host.host-dpu] [    0.007000] tsc: Detected 1000.000 MHz processor
[host.host-dpu] [    0.000000] clocksource: tsc-early: mask: 0xffffffffffffffff max_cycles: 0x1cd42e4dffb, max_idle_ns: 881590591483 ns
[host.host-dpu] [    0.000004] Calibrating delay loop (skipped), value calculated using timer frequency.. 2000.00 BogoMIPS (lpj=1000000)
[host.host-dpu] [    0.000008] pid_max: default: 32768 minimum: 301
[host.host-dpu] [    0.000053] Mount-cache hash table entries: 4096 (order: 3, 32768 bytes, linear)
[host.host-dpu] [    0.000058] Mountpoint-cache hash table entries: 4096 (order: 3, 32768 bytes, linear)
[host.host-dpu] [    0.000165] Last level iTLB entries: 4KB 0, 2MB 0, 4MB 0
[host.host-dpu] [    0.000167] Last level dTLB entries: 4KB 0, 2MB 0, 4MB 0, 1GB 0
[host.host-dpu] [    0.000170] Spectre V1 : Mitigation: usercopy/swapgs barriers and __user pointer sanitization
[host.host-dpu] [    0.000174] Spectre V2 : Kernel not compiled with retpoline; no mitigation available!
[host.host-dpu] [    0.000174] Spectre V2 : Vulnerable
[host.host-dpu] [    0.000178] Spectre V2 : Spectre v2 / SpectreRSB mitigation: Filling RSB on context switch
[host.host-dpu] [    0.000180] RETBleed: WARNING: Spectre v2 mitigation leaves CPU vulnerable to RETBleed attacks, data leaks possible!
[host.host-dpu] [    0.000184] RETBleed: Vulnerable
[host.host-dpu] [    0.000185] Speculative Store Bypass: Vulnerable
[host.host-dpu] [    0.000187] MDS: Vulnerable: Clear CPU buffers attempted, no microcode
[host.host-dpu] [    0.000190] MMIO Stale Data: Vulnerable: Clear CPU buffers attempted, no microcode
[host.host-dpu] [    0.000801] Freeing SMP alternatives memory: 12K
[host.host0] [    0.007000] tsc: PIT calibration matches HPET. 1 loops
[host.host0] [    0.007000] tsc: Detected 1000.000 MHz processor
[host.host0] [    0.000000] clocksource: tsc-early: mask: 0xffffffffffffffff max_cycles: 0x1cd42e4dffb, max_idle_ns: 881590591483 ns
[host.host0] [    0.000004] Calibrating delay loop (skipped), value calculated using timer frequency.. 2000.00 BogoMIPS (lpj=1000000)
[host.host0] [    0.000008] pid_max: default: 32768 minimum: 301
[host.host0] [    0.000053] Mount-cache hash table entries: 4096 (order: 3, 32768 bytes, linear)
[host.host0] [    0.000058] Mountpoint-cache hash table entries: 4096 (order: 3, 32768 bytes, linear)
[host.host0] [    0.000165] Last level iTLB entries: 4KB 0, 2MB 0, 4MB 0
[host.host0] [    0.000167] Last level dTLB entries: 4KB 0, 2MB 0, 4MB 0, 1GB 0
[host.host0] [    0.000170] Spectre V1 : Mitigation: usercopy/swapgs barriers and __user pointer sanitization
[host.host0] [    0.000174] Spectre V2 : Kernel not compiled with retpoline; no mitigation available!
[host.host0] [    0.000174] Spectre V2 : Vulnerable
[host.host0] [    0.000178] Spectre V2 : Spectre v2 / SpectreRSB mitigation: Filling RSB on context switch
[host.host0] [    0.000180] RETBleed: WARNING: Spectre v2 mitigation leaves CPU vulnerable to RETBleed attacks, data leaks possible!
[host.host0] [    0.000184] RETBleed: Vulnerable
[host.host0] [    0.000185] Speculative Store Bypass: Vulnerable
[host.host0] [    0.000187] MDS: Vulnerable: Clear CPU buffers attempted, no microcode
[host.host0] [    0.000190] MMIO Stale Data: Vulnerable: Clear CPU buffers attempted, no microcode
[host.host0] [    0.000801] Freeing SMP alternatives memory: 12K
[host.host1] [    0.007000] tsc: PIT calibration matches HPET. 1 loops
[host.host1] [    0.007000] tsc: Detected 1000.000 MHz processor
[host.host1] [    0.000000] clocksource: tsc-early: mask: 0xffffffffffffffff max_cycles: 0x1cd42e4dffb, max_idle_ns: 881590591483 ns
[host.host1] [    0.000004] Calibrating delay loop (skipped), value calculated using timer frequency.. 2000.00 BogoMIPS (lpj=1000000)
[host.host1] [    0.000008] pid_max: default: 32768 minimum: 301
[host.host1] [    0.000053] Mount-cache hash table entries: 4096 (order: 3, 32768 bytes, linear)
[host.host1] [    0.000058] Mountpoint-cache hash table entries: 4096 (order: 3, 32768 bytes, linear)
[host.host1] [    0.000165] Last level iTLB entries: 4KB 0, 2MB 0, 4MB 0
[host.host1] [    0.000167] Last level dTLB entries: 4KB 0, 2MB 0, 4MB 0, 1GB 0
[host.host1] [    0.000170] Spectre V1 : Mitigation: usercopy/swapgs barriers and __user pointer sanitization
[host.host1] [    0.000174] Spectre V2 : Kernel not compiled with retpoline; no mitigation available!
[host.host1] [    0.000174] Spectre V2 : Vulnerable
[host.host1] [    0.000178] Spectre V2 : Spectre v2 / SpectreRSB mitigation: Filling RSB on context switch
[host.host1] [    0.000180] RETBleed: WARNING: Spectre v2 mitigation leaves CPU vulnerable to RETBleed attacks, data leaks possible!
[host.host1] [    0.000184] RETBleed: Vulnerable
[host.host1] [    0.000185] Speculative Store Bypass: Vulnerable
[host.host1] [    0.000187] MDS: Vulnerable: Clear CPU buffers attempted, no microcode
[host.host1] [    0.000190] MMIO Stale Data: Vulnerable: Clear CPU buffers attempted, no microcode
[host.host1] [    0.000801] Freeing SMP alternatives memory: 12K
[host.host-dpu] [    0.204835]  calibrated lapic_timer_period=1000000
[host.host-dpu] [    0.204838] smpboot: CPU0: Intel Xeon Processor (Skylake) (family: 0x6, model: 0x55, stepping: 0x4)
[host.host-dpu] [    0.204925] Performance Events: unsupported p6 CPU model 85 no PMU driver, software events only.
[host.host-dpu] [    0.204954] rcu: Hierarchical SRCU implementation.
[host.host-dpu] [    0.204996] smp: Bringing up secondary CPUs ...
[host.host-dpu] [    0.204998] smp: Brought up 1 node, 1 CPU
[host.host-dpu] [    0.205000] smpboot: Max logical packages: 1
[host.host-dpu] [    0.205002] smpboot: Total of 1 processors activated (2000.00 BogoMIPS)
[host.host-dpu] [    0.205004] devtmpfs: initialized
[host.host-dpu] [    0.205004] x86/mm: Memory block size: 128MB
[host.host-dpu] [    0.205004] clocksource: jiffies: mask: 0xffffffff max_cycles: 0xffffffff, max_idle_ns: 1911260446275000 ns
[host.host-dpu] [    0.205004] futex hash table entries: 256 (order: 2, 16384 bytes, linear)
[host.host-dpu] [    0.205004] 
[host.host-dpu] [    0.205004] *************************************************************
[host.host-dpu] [    0.205004] **     NOTICE NOTICE NOTICE NOTICE NOTICE NOTICE NOTICE    **
[host.host-dpu] [    0.205004] **                                                         **
[host.host-dpu] [    0.205004] **  IOMMU DebugFS SUPPORT HAS BEEN ENABLED IN THIS KERNEL  **
[host.host-dpu] [    0.205004] **                                                         **
[host.host-dpu] [    0.205004] ** This means that this kernel is built to expose internal **
[host.host-dpu] [    0.205004] ** IOMMU data structures, which may compromise security on **
[host.host-dpu] [    0.205004] ** your system.                                            **
[host.host-dpu] [    0.205004] **                                                         **
[host.host-dpu] [    0.205004] ** If you see this message and you are not debugging the   **
[host.host-dpu] [    0.205004] ** kernel, report this immediately to your vendor!         **
[host.host-dpu] [    0.205004] **                                                         **
[host.host-dpu] [    0.205004] **     NOTICE NOTICE NOTICE NOTICE NOTICE NOTICE NOTICE    **
[host.host-dpu] [    0.205004] *************************************************************
[host.host-dpu] [    0.205004] NET: Registered PF_NETLINK/PF_ROUTE protocol family
[host.host-dpu] [    0.205004] audit: initializing netlink subsys (disabled)
[host.host-dpu] [    0.205004] thermal_sys: Registered thermal governor 'step_wise'
[host.host-dpu] [    0.205004] thermal_sys: Registered thermal governor 'user_space'
[host.host-dpu] [    0.205004] cpuidle: using governor ladder
[host.host-dpu] [    0.205004] ACPI: bus type PCI registered
[host.host-dpu] [    0.205004] acpiphp: ACPI Hot Plug PCI Controller Driver version: 0.5
[host.host-dpu] [    0.205004] PCI: MMCONFIG for domain 0000 [bus 00-ff] at [mem 0xb0000000-0xbfffffff] (base 0xb0000000)
[host.host-dpu] [    0.205004] PCI: MMCONFIG at [mem 0xb0000000-0xbfffffff] reserved in E820
[host.host-dpu] [    0.205004] PCI: Using configuration type 1 for base access
[host.host1] [    0.204835]  calibrated lapic_timer_period=1000000
[host.host1] [    0.204838] smpboot: CPU0: Intel Xeon Processor (Skylake) (family: 0x6, model: 0x55, stepping: 0x4)
[host.host1] [    0.204925] Performance Events: unsupported p6 CPU model 85 no PMU driver, software events only.
[host.host1] [    0.204954] rcu: Hierarchical SRCU implementation.
[host.host1] [    0.204996] smp: Bringing up secondary CPUs ...
[host.host1] [    0.204998] smp: Brought up 1 node, 1 CPU
[host.host1] [    0.205000] smpboot: Max logical packages: 1
[host.host1] [    0.205002] smpboot: Total of 1 processors activated (2000.00 BogoMIPS)
[host.host1] [    0.205004] devtmpfs: initialized
[host.host1] [    0.205004] x86/mm: Memory block size: 128MB
[host.host1] [    0.205004] clocksource: jiffies: mask: 0xffffffff max_cycles: 0xffffffff, max_idle_ns: 1911260446275000 ns
[host.host1] [    0.205004] futex hash table entries: 256 (order: 2, 16384 bytes, linear)
[host.host1] [    0.205004] 
[host.host1] [    0.205004] *************************************************************
[host.host1] [    0.205004] **     NOTICE NOTICE NOTICE NOTICE NOTICE NOTICE NOTICE    **
[host.host1] [    0.205004] **                                                         **
[host.host1] [    0.205004] **  IOMMU DebugFS SUPPORT HAS BEEN ENABLED IN THIS KERNEL  **
[host.host1] [    0.205004] **                                                         **
[host.host1] [    0.205004] ** This means that this kernel is built to expose internal **
[host.host1] [    0.205004] ** IOMMU data structures, which may compromise security on **
[host.host1] [    0.205004] ** your system.                                            **
[host.host1] [    0.205004] **                                                         **
[host.host1] [    0.205004] ** If you see this message and you are not debugging the   **
[host.host1] [    0.205004] ** kernel, report this immediately to your vendor!         **
[host.host1] [    0.205004] **                                                         **
[host.host1] [    0.205004] **     NOTICE NOTICE NOTICE NOTICE NOTICE NOTICE NOTICE    **
[host.host1] [    0.205004] *************************************************************
[host.host1] [    0.205004] NET: Registered PF_NETLINK/PF_ROUTE protocol family
[host.host1] [    0.205004] audit: initializing netlink subsys (disabled)
[host.host1] [    0.205004] thermal_sys: Registered thermal governor 'step_wise'
[host.host1] [    0.205004] thermal_sys: Registered thermal governor 'user_space'
[host.host1] [    0.205004] cpuidle: using governor ladder
[host.host1] [    0.205004] ACPI: bus type PCI registered
[host.host1] [    0.205004] acpiphp: ACPI Hot Plug PCI Controller Driver version: 0.5
[host.host1] [    0.205004] PCI: MMCONFIG for domain 0000 [bus 00-ff] at [mem 0xb0000000-0xbfffffff] (base 0xb0000000)
[host.host1] [    0.205004] PCI: MMCONFIG at [mem 0xb0000000-0xbfffffff] reserved in E820
[host.host1] [    0.205004] PCI: Using configuration type 1 for base access
[host.host0] [    0.204835]  calibrated lapic_timer_period=1000000
[host.host0] [    0.204838] smpboot: CPU0: Intel Xeon Processor (Skylake) (family: 0x6, model: 0x55, stepping: 0x4)
[host.host0] [    0.204925] Performance Events: unsupported p6 CPU model 85 no PMU driver, software events only.
[host.host0] [    0.204954] rcu: Hierarchical SRCU implementation.
[host.host0] [    0.204996] smp: Bringing up secondary CPUs ...
[host.host0] [    0.204998] smp: Brought up 1 node, 1 CPU
[host.host0] [    0.205000] smpboot: Max logical packages: 1
[host.host0] [    0.205002] smpboot: Total of 1 processors activated (2000.00 BogoMIPS)
[host.host0] [    0.205004] devtmpfs: initialized
[host.host0] [    0.205004] x86/mm: Memory block size: 128MB
[host.host0] [    0.205004] clocksource: jiffies: mask: 0xffffffff max_cycles: 0xffffffff, max_idle_ns: 1911260446275000 ns
[host.host0] [    0.205004] futex hash table entries: 256 (order: 2, 16384 bytes, linear)
[host.host0] [    0.205004] 
[host.host0] [    0.205004] *************************************************************
[host.host0] [    0.205004] **     NOTICE NOTICE NOTICE NOTICE NOTICE NOTICE NOTICE    **
[host.host0] [    0.205004] **                                                         **
[host.host0] [    0.205004] **  IOMMU DebugFS SUPPORT HAS BEEN ENABLED IN THIS KERNEL  **
[host.host0] [    0.205004] **                                                         **
[host.host0] [    0.205004] ** This means that this kernel is built to expose internal **
[host.host0] [    0.205004] ** IOMMU data structures, which may compromise security on **
[host.host0] [    0.205004] ** your system.                                            **
[host.host0] [    0.205004] **                                                         **
[host.host0] [    0.205004] ** If you see this message and you are not debugging the   **
[host.host0] [    0.205004] ** kernel, report this immediately to your vendor!         **
[host.host0] [    0.205004] **                                                         **
[host.host0] [    0.205004] **     NOTICE NOTICE NOTICE NOTICE NOTICE NOTICE NOTICE    **
[host.host0] [    0.205004] *************************************************************
[host.host0] [    0.205004] NET: Registered PF_NETLINK/PF_ROUTE protocol family
[host.host0] [    0.205004] audit: initializing netlink subsys (disabled)
[host.host0] [    0.205004] thermal_sys: Registered thermal governor 'step_wise'
[host.host0] [    0.205004] thermal_sys: Registered thermal governor 'user_space'
[host.host0] [    0.205004] cpuidle: using governor ladder
[host.host0] [    0.205004] ACPI: bus type PCI registered
[host.host0] [    0.205004] acpiphp: ACPI Hot Plug PCI Controller Driver version: 0.5
[host.host0] [    0.205004] PCI: MMCONFIG for domain 0000 [bus 00-ff] at [mem 0xb0000000-0xbfffffff] (base 0xb0000000)
[host.host0] [    0.205004] PCI: MMCONFIG at [mem 0xb0000000-0xbfffffff] reserved in E820
[host.host0] [    0.205004] PCI: Using configuration type 1 for base access
[host.host-dpu] [    0.206200] audit: type=2000 audit(1772662957.211:1): state=initialized audit_enabled=0 res=1
[host.host-dpu] [    0.206244] HugeTLB registered 1.00 GiB page size, pre-allocated 0 pages
[host.host-dpu] [    0.206247] HugeTLB registered 2.00 MiB page size, pre-allocated 0 pages
[host.host-dpu] [    0.206598] ACPI: Added _OSI(Module Device)
[host.host-dpu] [    0.206600] ACPI: Added _OSI(Processor Device)
[host.host-dpu] [    0.206602] ACPI: Added _OSI(3.0 _SCP Extensions)
[host.host-dpu] [    0.206604] ACPI: Added _OSI(Processor Aggregator Device)
[host.host-dpu] [    0.206607] ACPI: Added _OSI(Linux-Dell-Video)
[host.host-dpu] [    0.206609] ACPI: Added _OSI(Linux-Lenovo-NV-HDMI-Audio)
[host.host-dpu] [    0.206612] ACPI: Added _OSI(Linux-HPI-Hybrid-Graphics)
[host.host1] [    0.206200] audit: type=2000 audit(1772662957.211:1): state=initialized audit_enabled=0 res=1
[host.host1] [    0.206244] HugeTLB registered 1.00 GiB page size, pre-allocated 0 pages
[host.host1] [    0.206247] HugeTLB registered 2.00 MiB page size, pre-allocated 0 pages
[host.host1] [    0.206598] ACPI: Added _OSI(Module Device)
[host.host1] [    0.206600] ACPI: Added _OSI(Processor Device)
[host.host1] [    0.206602] ACPI: Added _OSI(3.0 _SCP Extensions)
[host.host1] [    0.206604] ACPI: Added _OSI(Processor Aggregator Device)
[host.host1] [    0.206607] ACPI: Added _OSI(Linux-Dell-Video)
[host.host1] [    0.206609] ACPI: Added _OSI(Linux-Lenovo-NV-HDMI-Audio)
[host.host1] [    0.206612] ACPI: Added _OSI(Linux-HPI-Hybrid-Graphics)
[host.host0] [    0.206200] audit: type=2000 audit(1772662957.211:1): state=initialized audit_enabled=0 res=1
[host.host0] [    0.206244] HugeTLB registered 1.00 GiB page size, pre-allocated 0 pages
[host.host0] [    0.206247] HugeTLB registered 2.00 MiB page size, pre-allocated 0 pages
[host.host0] [    0.206598] ACPI: Added _OSI(Module Device)
[host.host0] [    0.206600] ACPI: Added _OSI(Processor Device)
[host.host0] [    0.206602] ACPI: Added _OSI(3.0 _SCP Extensions)
[host.host0] [    0.206604] ACPI: Added _OSI(Processor Aggregator Device)
[host.host0] [    0.206607] ACPI: Added _OSI(Linux-Dell-Video)
[host.host0] [    0.206609] ACPI: Added _OSI(Linux-Lenovo-NV-HDMI-Audio)
[host.host0] [    0.206612] ACPI: Added _OSI(Linux-HPI-Hybrid-Graphics)
[host.host-dpu] [    0.208125] ACPI: 1 ACPI AML tables successfully acquired and loaded
[host.host-dpu] [    0.208552] ACPI: Interpreter enabled
[host.host-dpu] [    0.208556] ACPI: PM: (supports S0 S5)
[host.host-dpu] [    0.208558] ACPI: Using IOAPIC for interrupt routing
[host.host-dpu] [    0.208574] PCI: Using host bridge windows from ACPI; if necessary, use "pci=nocrs" and report a bug
[host.host-dpu] [    0.208658] ACPI: Enabled 1 GPEs in block 00 to 3F
[host.host1] [    0.208125] ACPI: 1 ACPI AML tables successfully acquired and loaded
[host.host1] [    0.208552] ACPI: Interpreter enabled
[host.host1] [    0.208556] ACPI: PM: (supports S0 S5)
[host.host1] [    0.208558] ACPI: Using IOAPIC for interrupt routing
[host.host1] [    0.208574] PCI: Using host bridge windows from ACPI; if necessary, use "pci=nocrs" and report a bug
[host.host1] [    0.208658] ACPI: Enabled 1 GPEs in block 00 to 3F
[host.host0] [    0.208125] ACPI: 1 ACPI AML tables successfully acquired and loaded
[host.host0] [    0.208552] ACPI: Interpreter enabled
[host.host0] [    0.208556] ACPI: PM: (supports S0 S5)
[host.host0] [    0.208558] ACPI: Using IOAPIC for interrupt routing
[host.host0] [    0.208574] PCI: Using host bridge windows from ACPI; if necessary, use "pci=nocrs" and report a bug
[host.host0] [    0.208658] ACPI: Enabled 1 GPEs in block 00 to 3F
[host.host-dpu] [    0.210168] ACPI: PCI Root Bridge [PCI0] (domain 0000 [bus 00-ff])
[host.host-dpu] [    0.210172] acpi PNP0A08:00: _OSC: OS supports [ExtendedConfig ASPM ClockPM Segments MSI HPX-Type3]
[host.host-dpu] [    0.210257] acpi PNP0A08:00: _OSC: platform does not support [LTR]
[host.host-dpu] [    0.210337] acpi PNP0A08:00: _OSC: OS now controls [PCIeHotplug PME AER PCIeCapability]
[host.host-dpu] [    0.210385] PCI host bridge to bus 0000:00
[host.host-dpu] [    0.210387] pci_bus 0000:00: root bus resource [io  0x0000-0x0cf7 window]
[host.host-dpu] [    0.210391] pci_bus 0000:00: root bus resource [io  0x0d00-0xffff window]
[host.host-dpu] [    0.210394] pci_bus 0000:00: root bus resource [mem 0x000a0000-0x000bffff window]
[host.host-dpu] [    0.210398] pci_bus 0000:00: root bus resource [mem 0x80000000-0xafffffff window]
[host.host-dpu] [    0.210402] pci_bus 0000:00: root bus resource [mem 0xc0000000-0xfebfffff window]
[host.host-dpu] [    0.210406] pci_bus 0000:00: root bus resource [mem 0x100000000-0x8ffffffff window]
[host.host-dpu] [    0.210410] pci_bus 0000:00: root bus resource [bus 00-ff]
[host.host-dpu] [    0.210433] pci 0000:00:00.0: [8086:29c0] type 00 class 0x060000
[host.host-dpu] [    0.210487] pci 0000:00:01.0: [1234:1111] type 00 class 0x030000
[host.host-dpu] [    0.210491] pci 0000:00:01.0: reg 0x10: [mem 0xfd000000-0xfdffffff pref]
[host.host-dpu] [    0.210495] pci 0000:00:01.0: reg 0x18: [mem 0xfebf0000-0xfebf0fff]
[host.host-dpu] [    0.210499] pci 0000:00:01.0: reg 0x30: [mem 0xfebd0000-0xfebdffff pref]
[host.host-dpu] [    0.210505] pci 0000:00:01.0: Video device with shadowed ROM at [mem 0x000c0000-0x000dffff]
[host.host-dpu] [    0.210557] pci 0000:00:02.0: [15b3:a2dc] type 00 class 0x020000
[host.host-dpu] [    0.210561] pci 0000:00:02.0: reg 0x10: [mem 0xfebe0000-0xfebeffff 64bit]
[host.host-dpu] [    0.210565] pci 0000:00:02.0: reg 0x1c: [mem 0xfebf1000-0xfebf1fff 64bit]
[host.host-dpu] [    0.210621] pci 0000:00:1f.0: [8086:2918] type 00 class 0x060100
[host.host-dpu] [    0.210628] pci 0000:00:1f.0: quirk: [io  0x0600-0x067f] claimed by ICH6 ACPI/GPIO/TCO
[host.host-dpu] [    0.210673] pci 0000:00:1f.2: [8086:2922] type 00 class 0x010601
[host.host-dpu] [    0.210677] pci 0000:00:1f.2: reg 0x20: [io  0xc040-0xc05f]
[host.host-dpu] [    0.210681] pci 0000:00:1f.2: reg 0x24: [mem 0xfebf2000-0xfebf2fff]
[host.host-dpu] [    0.210731] pci 0000:00:1f.3: [8086:2930] type 00 class 0x0c0500
[host.host-dpu] [    0.210736] pci 0000:00:1f.3: reg 0x20: [io  0x0700-0x073f]
[host.host-dpu] [    0.210923] ACPI: PCI: Interrupt link LNKA configured for IRQ 10
[host.host-dpu] [    0.210971] ACPI: PCI: Interrupt link LNKB configured for IRQ 10
[host.host-dpu] [    0.211020] ACPI: PCI: Interrupt link LNKC configured for IRQ 11
[host.host-dpu] [    0.211068] ACPI: PCI: Interrupt link LNKD configured for IRQ 11
[host.host-dpu] [    0.211116] ACPI: PCI: Interrupt link LNKE configured for IRQ 10
[host.host-dpu] [    0.211164] ACPI: PCI: Interrupt link LNKF configured for IRQ 10
[host.host-dpu] [    0.211212] ACPI: PCI: Interrupt link LNKG configured for IRQ 11
[host.host-dpu] [    0.211260] ACPI: PCI: Interrupt link LNKH configured for IRQ 11
[host.host-dpu] [    0.211276] ACPI: PCI: Interrupt link GSIA configured for IRQ 16
[host.host-dpu] [    0.211287] ACPI: PCI: Interrupt link GSIB configured for IRQ 17
[host.host-dpu] [    0.211298] ACPI: PCI: Interrupt link GSIC configured for IRQ 18
[host.host-dpu] [    0.211309] ACPI: PCI: Interrupt link GSID configured for IRQ 19
[host.host-dpu] [    0.211321] ACPI: PCI: Interrupt link GSIE configured for IRQ 20
[host.host-dpu] [    0.211332] ACPI: PCI: Interrupt link GSIF configured for IRQ 21
[host.host-dpu] [    0.211343] ACPI: PCI: Interrupt link GSIG configured for IRQ 22
[host.host-dpu] [    0.211355] ACPI: PCI: Interrupt link GSIH configured for IRQ 23
[host.host1] [    0.210168] ACPI: PCI Root Bridge [PCI0] (domain 0000 [bus 00-ff])
[host.host1] [    0.210172] acpi PNP0A08:00: _OSC: OS supports [ExtendedConfig ASPM ClockPM Segments MSI HPX-Type3]
[host.host1] [    0.210257] acpi PNP0A08:00: _OSC: platform does not support [LTR]
[host.host1] [    0.210337] acpi PNP0A08:00: _OSC: OS now controls [PCIeHotplug PME AER PCIeCapability]
[host.host1] [    0.210385] PCI host bridge to bus 0000:00
[host.host1] [    0.210387] pci_bus 0000:00: root bus resource [io  0x0000-0x0cf7 window]
[host.host1] [    0.210391] pci_bus 0000:00: root bus resource [io  0x0d00-0xffff window]
[host.host1] [    0.210394] pci_bus 0000:00: root bus resource [mem 0x000a0000-0x000bffff window]
[host.host1] [    0.210398] pci_bus 0000:00: root bus resource [mem 0x80000000-0xafffffff window]
[host.host1] [    0.210402] pci_bus 0000:00: root bus resource [mem 0xc0000000-0xfebfffff window]
[host.host1] [    0.210406] pci_bus 0000:00: root bus resource [mem 0x100000000-0x8ffffffff window]
[host.host1] [    0.210410] pci_bus 0000:00: root bus resource [bus 00-ff]
[host.host1] [    0.210433] pci 0000:00:00.0: [8086:29c0] type 00 class 0x060000
[host.host1] [    0.210487] pci 0000:00:01.0: [1234:1111] type 00 class 0x030000
[host.host1] [    0.210491] pci 0000:00:01.0: reg 0x10: [mem 0xfd000000-0xfdffffff pref]
[host.host1] [    0.210495] pci 0000:00:01.0: reg 0x18: [mem 0xfe818000-0xfe818fff]
[host.host1] [    0.210499] pci 0000:00:01.0: reg 0x30: [mem 0xfe800000-0xfe80ffff pref]
[host.host1] [    0.210505] pci 0000:00:01.0: Video device with shadowed ROM at [mem 0x000c0000-0x000dffff]
[host.host1] [    0.210557] pci 0000:00:02.0: [8086:1583] type 00 class 0x020000
[host.host1] [    0.210561] pci 0000:00:02.0: reg 0x10: [mem 0xfe400000-0xfe7fffff 64bit]
[host.host1] [    0.210565] pci 0000:00:02.0: reg 0x18: [io  0xc040-0xc05f]
[host.host1] [    0.210568] pci 0000:00:02.0: reg 0x1c: [mem 0xfe810000-0xfe817fff 64bit]
[host.host1] [    0.210624] pci 0000:00:1f.0: [8086:2918] type 00 class 0x060100
[host.host1] [    0.210631] pci 0000:00:1f.0: quirk: [io  0x0600-0x067f] claimed by ICH6 ACPI/GPIO/TCO
[host.host1] [    0.210676] pci 0000:00:1f.2: [8086:2922] type 00 class 0x010601
[host.host1] [    0.210681] pci 0000:00:1f.2: reg 0x20: [io  0xc060-0xc07f]
[host.host1] [    0.210684] pci 0000:00:1f.2: reg 0x24: [mem 0xfe819000-0xfe819fff]
[host.host1] [    0.210735] pci 0000:00:1f.3: [8086:2930] type 00 class 0x0c0500
[host.host1] [    0.210739] pci 0000:00:1f.3: reg 0x20: [io  0x0700-0x073f]
[host.host1] [    0.210926] ACPI: PCI: Interrupt link LNKA configured for IRQ 10
[host.host1] [    0.210974] ACPI: PCI: Interrupt link LNKB configured for IRQ 10
[host.host1] [    0.211023] ACPI: PCI: Interrupt link LNKC configured for IRQ 11
[host.host1] [    0.211071] ACPI: PCI: Interrupt link LNKD configured for IRQ 11
[host.host1] [    0.211119] ACPI: PCI: Interrupt link LNKE configured for IRQ 10
[host.host1] [    0.211167] ACPI: PCI: Interrupt link LNKF configured for IRQ 10
[host.host1] [    0.211215] ACPI: PCI: Interrupt link LNKG configured for IRQ 11
[host.host1] [    0.211264] ACPI: PCI: Interrupt link LNKH configured for IRQ 11
[host.host1] [    0.211279] ACPI: PCI: Interrupt link GSIA configured for IRQ 16
[host.host1] [    0.211290] ACPI: PCI: Interrupt link GSIB configured for IRQ 17
[host.host1] [    0.211301] ACPI: PCI: Interrupt link GSIC configured for IRQ 18
[host.host1] [    0.211313] ACPI: PCI: Interrupt link GSID configured for IRQ 19
[host.host1] [    0.211324] ACPI: PCI: Interrupt link GSIE configured for IRQ 20
[host.host1] [    0.211335] ACPI: PCI: Interrupt link GSIF configured for IRQ 21
[host.host1] [    0.211347] ACPI: PCI: Interrupt link GSIG configured for IRQ 22
[host.host1] [    0.211358] ACPI: PCI: Interrupt link GSIH configured for IRQ 23
[host.host0] [    0.210168] ACPI: PCI Root Bridge [PCI0] (domain 0000 [bus 00-ff])
[host.host0] [    0.210172] acpi PNP0A08:00: _OSC: OS supports [ExtendedConfig ASPM ClockPM Segments MSI HPX-Type3]
[host.host0] [    0.210257] acpi PNP0A08:00: _OSC: platform does not support [LTR]
[host.host0] [    0.210337] acpi PNP0A08:00: _OSC: OS now controls [PCIeHotplug PME AER PCIeCapability]
[host.host0] [    0.210385] PCI host bridge to bus 0000:00
[host.host0] [    0.210387] pci_bus 0000:00: root bus resource [io  0x0000-0x0cf7 window]
[host.host0] [    0.210391] pci_bus 0000:00: root bus resource [io  0x0d00-0xffff window]
[host.host0] [    0.210394] pci_bus 0000:00: root bus resource [mem 0x000a0000-0x000bffff window]
[host.host0] [    0.210398] pci_bus 0000:00: root bus resource [mem 0x80000000-0xafffffff window]
[host.host0] [    0.210402] pci_bus 0000:00: root bus resource [mem 0xc0000000-0xfebfffff window]
[host.host0] [    0.210406] pci_bus 0000:00: root bus resource [mem 0x100000000-0x8ffffffff window]
[host.host0] [    0.210410] pci_bus 0000:00: root bus resource [bus 00-ff]
[host.host0] [    0.210433] pci 0000:00:00.0: [8086:29c0] type 00 class 0x060000
[host.host0] [    0.210487] pci 0000:00:01.0: [1234:1111] type 00 class 0x030000
[host.host0] [    0.210491] pci 0000:00:01.0: reg 0x10: [mem 0xfd000000-0xfdffffff pref]
[host.host0] [    0.210495] pci 0000:00:01.0: reg 0x18: [mem 0xfe818000-0xfe818fff]
[host.host0] [    0.210499] pci 0000:00:01.0: reg 0x30: [mem 0xfe800000-0xfe80ffff pref]
[host.host0] [    0.210505] pci 0000:00:01.0: Video device with shadowed ROM at [mem 0x000c0000-0x000dffff]
[host.host0] [    0.210557] pci 0000:00:02.0: [8086:1583] type 00 class 0x020000
[host.host0] [    0.210561] pci 0000:00:02.0: reg 0x10: [mem 0xfe400000-0xfe7fffff 64bit]
[host.host0] [    0.210565] pci 0000:00:02.0: reg 0x18: [io  0xc040-0xc05f]
[host.host0] [    0.210568] pci 0000:00:02.0: reg 0x1c: [mem 0xfe810000-0xfe817fff 64bit]
[host.host0] [    0.210624] pci 0000:00:1f.0: [8086:2918] type 00 class 0x060100
[host.host0] [    0.210631] pci 0000:00:1f.0: quirk: [io  0x0600-0x067f] claimed by ICH6 ACPI/GPIO/TCO
[host.host0] [    0.210676] pci 0000:00:1f.2: [8086:2922] type 00 class 0x010601
[host.host0] [    0.210681] pci 0000:00:1f.2: reg 0x20: [io  0xc060-0xc07f]
[host.host0] [    0.210684] pci 0000:00:1f.2: reg 0x24: [mem 0xfe819000-0xfe819fff]
[host.host0] [    0.210735] pci 0000:00:1f.3: [8086:2930] type 00 class 0x0c0500
[host.host0] [    0.210739] pci 0000:00:1f.3: reg 0x20: [io  0x0700-0x073f]
[host.host0] [    0.210926] ACPI: PCI: Interrupt link LNKA configured for IRQ 10
[host.host0] [    0.210974] ACPI: PCI: Interrupt link LNKB configured for IRQ 10
[host.host0] [    0.211023] ACPI: PCI: Interrupt link LNKC configured for IRQ 11
[host.host0] [    0.211071] ACPI: PCI: Interrupt link LNKD configured for IRQ 11
[host.host0] [    0.211119] ACPI: PCI: Interrupt link LNKE configured for IRQ 10
[host.host0] [    0.211167] ACPI: PCI: Interrupt link LNKF configured for IRQ 10
[host.host0] [    0.211215] ACPI: PCI: Interrupt link LNKG configured for IRQ 11
[host.host0] [    0.211264] ACPI: PCI: Interrupt link LNKH configured for IRQ 11
[host.host0] [    0.211279] ACPI: PCI: Interrupt link GSIA configured for IRQ 16
[host.host0] [    0.211290] ACPI: PCI: Interrupt link GSIB configured for IRQ 17
[host.host0] [    0.211301] ACPI: PCI: Interrupt link GSIC configured for IRQ 18
[host.host0] [    0.211313] ACPI: PCI: Interrupt link GSID configured for IRQ 19
[host.host0] [    0.211324] ACPI: PCI: Interrupt link GSIE configured for IRQ 20
[host.host0] [    0.211335] ACPI: PCI: Interrupt link GSIF configured for IRQ 21
[host.host0] [    0.211347] ACPI: PCI: Interrupt link GSIG configured for IRQ 22
[host.host0] [    0.211358] ACPI: PCI: Interrupt link GSIH configured for IRQ 23
[host.host-dpu] [    0.211420] iommu: Default domain type: Translated 
[host.host-dpu] [    0.211422] iommu: DMA domain TLB invalidation policy: lazy mode 
[host.host-dpu] [    0.211435] pci 0000:00:01.0: vgaarb: setting as boot VGA device
[host.host-dpu] [    0.211438] pci 0000:00:01.0: vgaarb: VGA device added: decodes=io+mem,owns=io+mem,locks=none
[host.host-dpu] [    0.211442] pci 0000:00:01.0: vgaarb: bridge control possible
[host.host-dpu] [    0.211444] vgaarb: loaded
[host.host-dpu] [    0.211502] SCSI subsystem initialized
[host.host-dpu] [    0.211576] pps_core: LinuxPPS API ver. 1 registered
[host.host-dpu] [    0.211578] pps_core: Software ver. 5.3.6 - Copyright 2005-2007 Rodolfo Giometti <giometti@linux.it>
[host.host-dpu] [    0.211584] PTP clock support registered
[host.host-dpu] [    0.211689] PCI: Using ACPI for IRQ routing
[host.host-dpu] [    0.211913] hpet0: at MMIO 0xfed00000, IRQs 2, 8, 0
[host.host-dpu] [    0.211917] hpet0: 3 comparators, 64-bit 100.000000 MHz counter
[host.host1] [    0.211423] iommu: Default domain type: Translated 
[host.host1] [    0.211425] iommu: DMA domain TLB invalidation policy: lazy mode 
[host.host1] [    0.211438] pci 0000:00:01.0: vgaarb: setting as boot VGA device
[host.host1] [    0.211441] pci 0000:00:01.0: vgaarb: VGA device added: decodes=io+mem,owns=io+mem,locks=none
[host.host1] [    0.211445] pci 0000:00:01.0: vgaarb: bridge control possible
[host.host1] [    0.211447] vgaarb: loaded
[host.host1] [    0.211505] SCSI subsystem initialized
[host.host1] [    0.211579] pps_core: LinuxPPS API ver. 1 registered
[host.host1] [    0.211581] pps_core: Software ver. 5.3.6 - Copyright 2005-2007 Rodolfo Giometti <giometti@linux.it>
[host.host1] [    0.211588] PTP clock support registered
[host.host1] [    0.211692] PCI: Using ACPI for IRQ routing
[host.host1] [    0.211916] hpet0: at MMIO 0xfed00000, IRQs 2, 8, 0
[host.host1] [    0.211920] hpet0: 3 comparators, 64-bit 100.000000 MHz counter
[host.host0] [    0.211423] iommu: Default domain type: Translated 
[host.host0] [    0.211425] iommu: DMA domain TLB invalidation policy: lazy mode 
[host.host0] [    0.211438] pci 0000:00:01.0: vgaarb: setting as boot VGA device
[host.host0] [    0.211441] pci 0000:00:01.0: vgaarb: VGA device added: decodes=io+mem,owns=io+mem,locks=none
[host.host0] [    0.211445] pci 0000:00:01.0: vgaarb: bridge control possible
[host.host0] [    0.211447] vgaarb: loaded
[host.host0] [    0.211505] SCSI subsystem initialized
[host.host0] [    0.211579] pps_core: LinuxPPS API ver. 1 registered
[host.host0] [    0.211581] pps_core: Software ver. 5.3.6 - Copyright 2005-2007 Rodolfo Giometti <giometti@linux.it>
[host.host0] [    0.211588] PTP clock support registered
[host.host0] [    0.211692] PCI: Using ACPI for IRQ routing
[host.host0] [    0.211916] hpet0: at MMIO 0xfed00000, IRQs 2, 8, 0
[host.host0] [    0.211920] hpet0: 3 comparators, 64-bit 100.000000 MHz counter
[host.host-dpu] [    0.213012] clocksource: Switched to clocksource tsc-early
[host.host0] [    0.213012] clocksource: Switched to clocksource tsc-early
[host.host1] [    0.213012] clocksource: Switched to clocksource tsc-early
[host.host-dpu] [    0.215732] VFS: Disk quotas dquot_6.6.0
[host.host-dpu] [    0.215742] VFS: Dquot-cache hash table entries: 512 (order 0, 4096 bytes)
[host.host-dpu] [    0.215769] pnp: PnP ACPI init
[host.host0] [    0.215732] VFS: Disk quotas dquot_6.6.0
[host.host0] [    0.215742] VFS: Dquot-cache hash table entries: 512 (order 0, 4096 bytes)
[host.host0] [    0.215769] pnp: PnP ACPI init
[host.host1] [    0.215732] VFS: Disk quotas dquot_6.6.0
[host.host1] [    0.215742] VFS: Dquot-cache hash table entries: 512 (order 0, 4096 bytes)
[host.host1] [    0.215769] pnp: PnP ACPI init
[host.host-dpu] [    0.216012] pnp: PnP ACPI: found 5 devices
[host.host0] [    0.216012] pnp: PnP ACPI: found 5 devices
[host.host1] [    0.216012] pnp: PnP ACPI: found 5 devices
[host.host-dpu] [    0.227949] clocksource: acpi_pm: mask: 0xffffff max_cycles: 0xffffff, max_idle_ns: 2085701024 ns
[host.host-dpu] [    0.227976] NET: Registered PF_INET protocol family
[host.host-dpu] [    0.228054] IP idents hash table entries: 32768 (order: 6, 262144 bytes, linear)
[host.host-dpu] [    0.228532] tcp_listen_portaddr_hash hash table entries: 1024 (order: 2, 16384 bytes, linear)
[host.host-dpu] [    0.228539] Table-perturb hash table entries: 65536 (order: 6, 262144 bytes, linear)
[host.host-dpu] [    0.228543] TCP established hash table entries: 16384 (order: 5, 131072 bytes, linear)
[host.host-dpu] [    0.228580] TCP bind hash table entries: 16384 (order: 6, 262144 bytes, linear)
[host.host-dpu] [    0.228620] TCP: Hash tables configured (established 16384 bind 16384)
[host.host-dpu] [    0.228659] UDP hash table entries: 1024 (order: 3, 32768 bytes, linear)
[host.host-dpu] [    0.228668] UDP-Lite hash table entries: 1024 (order: 3, 32768 bytes, linear)
[host.host-dpu] [    0.228692] NET: Registered PF_UNIX/PF_LOCAL protocol family
[host.host-dpu] [    0.228697] pci_bus 0000:00: resource 4 [io  0x0000-0x0cf7 window]
[host.host-dpu] [    0.228700] pci_bus 0000:00: resource 5 [io  0x0d00-0xffff window]
[host.host-dpu] [    0.228704] pci_bus 0000:00: resource 6 [mem 0x000a0000-0x000bffff window]
[host.host-dpu] [    0.228707] pci_bus 0000:00: resource 7 [mem 0x80000000-0xafffffff window]
[host.host-dpu] [    0.228711] pci_bus 0000:00: resource 8 [mem 0xc0000000-0xfebfffff window]
[host.host-dpu] [    0.228714] pci_bus 0000:00: resource 9 [mem 0x100000000-0x8ffffffff window]
[host.host-dpu] [    0.228734] PCI: CLS 0 bytes, default 64
[host.host1] [    0.227949] clocksource: acpi_pm: mask: 0xffffff max_cycles: 0xffffff, max_idle_ns: 2085701024 ns
[host.host1] [    0.227976] NET: Registered PF_INET protocol family
[host.host1] [    0.228054] IP idents hash table entries: 32768 (order: 6, 262144 bytes, linear)
[host.host1] [    0.228532] tcp_listen_portaddr_hash hash table entries: 1024 (order: 2, 16384 bytes, linear)
[host.host1] [    0.228539] Table-perturb hash table entries: 65536 (order: 6, 262144 bytes, linear)
[host.host1] [    0.228543] TCP established hash table entries: 16384 (order: 5, 131072 bytes, linear)
[host.host1] [    0.228580] TCP bind hash table entries: 16384 (order: 6, 262144 bytes, linear)
[host.host1] [    0.228620] TCP: Hash tables configured (established 16384 bind 16384)
[host.host1] [    0.228659] UDP hash table entries: 1024 (order: 3, 32768 bytes, linear)
[host.host1] [    0.228668] UDP-Lite hash table entries: 1024 (order: 3, 32768 bytes, linear)
[host.host1] [    0.228692] NET: Registered PF_UNIX/PF_LOCAL protocol family
[host.host1] [    0.228697] pci_bus 0000:00: resource 4 [io  0x0000-0x0cf7 window]
[host.host1] [    0.228700] pci_bus 0000:00: resource 5 [io  0x0d00-0xffff window]
[host.host1] [    0.228704] pci_bus 0000:00: resource 6 [mem 0x000a0000-0x000bffff window]
[host.host1] [    0.228707] pci_bus 0000:00: resource 7 [mem 0x80000000-0xafffffff window]
[host.host1] [    0.228711] pci_bus 0000:00: resource 8 [mem 0xc0000000-0xfebfffff window]
[host.host1] [    0.228714] pci_bus 0000:00: resource 9 [mem 0x100000000-0x8ffffffff window]
[host.host1] [    0.228734] PCI: CLS 0 bytes, default 64
[host.host0] [    0.227949] clocksource: acpi_pm: mask: 0xffffff max_cycles: 0xffffff, max_idle_ns: 2085701024 ns
[host.host0] [    0.227976] NET: Registered PF_INET protocol family
[host.host0] [    0.228054] IP idents hash table entries: 32768 (order: 6, 262144 bytes, linear)
[host.host0] [    0.228532] tcp_listen_portaddr_hash hash table entries: 1024 (order: 2, 16384 bytes, linear)
[host.host0] [    0.228539] Table-perturb hash table entries: 65536 (order: 6, 262144 bytes, linear)
[host.host0] [    0.228543] TCP established hash table entries: 16384 (order: 5, 131072 bytes, linear)
[host.host0] [    0.228580] TCP bind hash table entries: 16384 (order: 6, 262144 bytes, linear)
[host.host0] [    0.228620] TCP: Hash tables configured (established 16384 bind 16384)
[host.host0] [    0.228659] UDP hash table entries: 1024 (order: 3, 32768 bytes, linear)
[host.host0] [    0.228668] UDP-Lite hash table entries: 1024 (order: 3, 32768 bytes, linear)
[host.host0] [    0.228692] NET: Registered PF_UNIX/PF_LOCAL protocol family
[host.host0] [    0.228697] pci_bus 0000:00: resource 4 [io  0x0000-0x0cf7 window]
[host.host0] [    0.228700] pci_bus 0000:00: resource 5 [io  0x0d00-0xffff window]
[host.host0] [    0.228704] pci_bus 0000:00: resource 6 [mem 0x000a0000-0x000bffff window]
[host.host0] [    0.228707] pci_bus 0000:00: resource 7 [mem 0x80000000-0xafffffff window]
[host.host0] [    0.228711] pci_bus 0000:00: resource 8 [mem 0xc0000000-0xfebfffff window]
[host.host0] [    0.228714] pci_bus 0000:00: resource 9 [mem 0x100000000-0x8ffffffff window]
[host.host0] [    0.228734] PCI: CLS 0 bytes, default 64
[host.host-dpu] [    0.229306] workingset: timestamp_bits=52 max_order=19 bucket_order=0
[host.host-dpu] [    0.229405] fuse: init (API version 7.34)
[host.host1] [    0.229306] workingset: timestamp_bits=52 max_order=19 bucket_order=0
[host.host1] [    0.229405] fuse: init (API version 7.34)
[host.host0] [    0.229306] workingset: timestamp_bits=52 max_order=19 bucket_order=0
[host.host0] [    0.229405] fuse: init (API version 7.34)
[host.host-dpu] [    0.235422] Block layer SCSI generic (bsg) driver version 0.4 loaded (major 252)
[host.host-dpu] [    0.235425] io scheduler mq-deadline registered
[host.host-dpu] [    0.235426] io scheduler kyber registered
[host.host-dpu] [    0.235977] acpiphp_ibm: ibm_acpiphp_init: acpi_walk_namespace failed
[host.host-dpu] [    0.236087] Serial: 8250/16550 driver, 4 ports, IRQ sharing disabled
[host.host-dpu] [    0.236111] 00:03: ttyS0 at I/O 0x3f8 (irq = 4, base_baud = 115200) is a 16550A
[host.host-dpu] [    0.236419] Linux agpgart interface v0.103
[host.host1] [    0.235625] Block layer SCSI generic (bsg) driver version 0.4 loaded (major 252)
[host.host1] [    0.235628] io scheduler mq-deadline registered
[host.host1] [    0.235630] io scheduler kyber registered
[host.host1] [    0.236182] acpiphp_ibm: ibm_acpiphp_init: acpi_walk_namespace failed
[host.host1] [    0.236295] Serial: 8250/16550 driver, 4 ports, IRQ sharing disabled
[host.host1] [    0.236319] 00:03: ttyS0 at I/O 0x3f8 (irq = 4, base_baud = 115200) is a 16550A
[host.host1] [    0.236623] Linux agpgart interface v0.103
[host.host0] [    0.235625] Block layer SCSI generic (bsg) driver version 0.4 loaded (major 252)
[host.host0] [    0.235628] io scheduler mq-deadline registered
[host.host0] [    0.235630] io scheduler kyber registered
[host.host0] [    0.236182] acpiphp_ibm: ibm_acpiphp_init: acpi_walk_namespace failed
[host.host0] [    0.236295] Serial: 8250/16550 driver, 4 ports, IRQ sharing disabled
[host.host0] [    0.236319] 00:03: ttyS0 at I/O 0x3f8 (irq = 4, base_baud = 115200) is a 16550A
[host.host0] [    0.236623] Linux agpgart interface v0.103
[host.host-dpu] [    0.238882] brd: module loaded
[host.host-dpu] [    0.240043] loop: module loaded
[host.host-dpu] [    0.240080] Loading iSCSI transport class v2.0-870.
[host.host0] [    0.239110] brd: module loaded
[host.host0] [    0.240232] loop: module loaded
[host.host0] [    0.240267] Loading iSCSI transport class v2.0-870.
[host.host1] [    0.239110] brd: module loaded
[host.host1] [    0.240232] loop: module loaded
[host.host1] [    0.240267] Loading iSCSI transport class v2.0-870.
[host.host-dpu] [    0.241231] ACPI: \_SB_.GSIA: Enabled at IRQ 16
[host.host-dpu] [    0.241282] ahci 0000:00:1f.2: AHCI 0001.0000 32 slots 6 ports 1.5 Gbps 0x3f impl SATA mode
[host.host-dpu] [    0.241287] ahci 0000:00:1f.2: flags: 64bit ncq only 
[host.host0] [    0.241448] ACPI: \_SB_.GSIA: Enabled at IRQ 16
[host.host0] [    0.241499] ahci 0000:00:1f.2: AHCI 0001.0000 32 slots 6 ports 1.5 Gbps 0x3f impl SATA mode
[host.host0] [    0.241504] ahci 0000:00:1f.2: flags: 64bit ncq only 
[host.host1] [    0.241448] ACPI: \_SB_.GSIA: Enabled at IRQ 16
[host.host1] [    0.241499] ahci 0000:00:1f.2: AHCI 0001.0000 32 slots 6 ports 1.5 Gbps 0x3f impl SATA mode
[host.host1] [    0.241504] ahci 0000:00:1f.2: flags: 64bit ncq only 
[host.host-dpu] [    0.242476] scsi host0: ahci
[host.host-dpu] [    0.242611] scsi host1: ahci
[host.host-dpu] [    0.242744] scsi host2: ahci
[host.host-dpu] [    0.242878] scsi host3: ahci
[host.host-dpu] [    0.243012] scsi host4: ahci
[host.host-dpu] [    0.243158] scsi host5: ahci
[host.host-dpu] [    0.243194] ata1: SATA max UDMA/133 abar m4096@0xfebf2000 port 0xfebf2100 irq 24
[host.host-dpu] [    0.243197] ata2: SATA max UDMA/133 abar m4096@0xfebf2000 port 0xfebf2180 irq 24
[host.host-dpu] [    0.243200] ata3: SATA max UDMA/133 abar m4096@0xfebf2000 port 0xfebf2200 irq 24
[host.host-dpu] [    0.243203] ata4: SATA max UDMA/133 abar m4096@0xfebf2000 port 0xfebf2280 irq 24
[host.host-dpu] [    0.243207] ata5: SATA max UDMA/133 abar m4096@0xfebf2000 port 0xfebf2300 irq 24
[host.host-dpu] [    0.243210] ata6: SATA max UDMA/133 abar m4096@0xfebf2000 port 0xfebf2380 irq 24
[host.host0] [    0.242693] scsi host0: ahci
[host.host0] [    0.242828] scsi host1: ahci
[host.host0] [    0.242961] scsi host2: ahci
[host.host0] [    0.243098] scsi host3: ahci
[host.host0] [    0.243231] scsi host4: ahci
[host.host0] [    0.243364] scsi host5: ahci
[host.host0] [    0.243400] ata1: SATA max UDMA/133 abar m4096@0xfe819000 port 0xfe819100 irq 24
[host.host0] [    0.243403] ata2: SATA max UDMA/133 abar m4096@0xfe819000 port 0xfe819180 irq 24
[host.host0] [    0.243406] ata3: SATA max UDMA/133 abar m4096@0xfe819000 port 0xfe819200 irq 24
[host.host0] [    0.243410] ata4: SATA max UDMA/133 abar m4096@0xfe819000 port 0xfe819280 irq 24
[host.host0] [    0.243413] ata5: SATA max UDMA/133 abar m4096@0xfe819000 port 0xfe819300 irq 24
[host.host0] [    0.243416] ata6: SATA max UDMA/133 abar m4096@0xfe819000 port 0xfe819380 irq 24
[host.host1] [    0.242693] scsi host0: ahci
[host.host1] [    0.242828] scsi host1: ahci
[host.host1] [    0.242961] scsi host2: ahci
[host.host1] [    0.243098] scsi host3: ahci
[host.host1] [    0.243231] scsi host4: ahci
[host.host1] [    0.243364] scsi host5: ahci
[host.host1] [    0.243400] ata1: SATA max UDMA/133 abar m4096@0xfe819000 port 0xfe819100 irq 24
[host.host1] [    0.243403] ata2: SATA max UDMA/133 abar m4096@0xfe819000 port 0xfe819180 irq 24
[host.host1] [    0.243406] ata3: SATA max UDMA/133 abar m4096@0xfe819000 port 0xfe819200 irq 24
[host.host1] [    0.243410] ata4: SATA max UDMA/133 abar m4096@0xfe819000 port 0xfe819280 irq 24
[host.host1] [    0.243413] ata5: SATA max UDMA/133 abar m4096@0xfe819000 port 0xfe819300 irq 24
[host.host1] [    0.243416] ata6: SATA max UDMA/133 abar m4096@0xfe819000 port 0xfe819380 irq 24
[host.host-dpu] [    0.243751] tun: Universal TUN/TAP device driver, 1.6
[host.host-dpu] [    0.243809] VFIO - User Level meta-driver version: 0.3
[host.host-dpu] [    0.243913] i8042: PNP: PS/2 Controller [PNP0303:KBD,PNP0f13:MOU] at 0x60,0x64 irq 1,12
[host.host-dpu] [    0.244085] serio: i8042 KBD port at 0x60,0x64 irq 1
[host.host-dpu] [    0.244088] serio: i8042 AUX port at 0x60,0x64 irq 12
[host.host-dpu] [    0.244125] mousedev: PS/2 mouse device common for all mice
[host.host-dpu] [    0.244323] NET: Registered PF_PACKET protocol family
[host.host-dpu] [    0.244385] input: AT Translated Set 2 keyboard as /devices/platform/i8042/serio0/input/input0
[host.host-dpu] [    0.244467] IPI shorthand broadcast: enabled
[host.host-dpu] [    0.244476] sched_clock: Marking stable (251074246, -6995747)->(143830683, 100247816)
[host.host0] [    0.243959] tun: Universal TUN/TAP device driver, 1.6
[host.host0] [    0.244017] VFIO - User Level meta-driver version: 0.3
[host.host0] [    0.244148] i8042: PNP: PS/2 Controller [PNP0303:KBD,PNP0f13:MOU] at 0x60,0x64 irq 1,12
[host.host0] [    0.244319] serio: i8042 KBD port at 0x60,0x64 irq 1
[host.host0] [    0.244323] serio: i8042 AUX port at 0x60,0x64 irq 12
[host.host0] [    0.244359] mousedev: PS/2 mouse device common for all mice
[host.host0] [    0.244556] NET: Registered PF_PACKET protocol family
[host.host0] [    0.244618] input: AT Translated Set 2 keyboard as /devices/platform/i8042/serio0/input/input0
[host.host0] [    0.244700] IPI shorthand broadcast: enabled
[host.host0] [    0.244709] sched_clock: Marking stable (251070862, -6995747)->(143830688, 100244427)
[host.host1] [    0.243959] tun: Universal TUN/TAP device driver, 1.6
[host.host1] [    0.244017] VFIO - User Level meta-driver version: 0.3
[host.host1] [    0.244148] i8042: PNP: PS/2 Controller [PNP0303:KBD,PNP0f13:MOU] at 0x60,0x64 irq 1,12
[host.host1] [    0.244319] serio: i8042 KBD port at 0x60,0x64 irq 1
[host.host1] [    0.244323] serio: i8042 AUX port at 0x60,0x64 irq 12
[host.host1] [    0.244359] mousedev: PS/2 mouse device common for all mice
[host.host1] [    0.244556] NET: Registered PF_PACKET protocol family
[host.host1] [    0.244618] input: AT Translated Set 2 keyboard as /devices/platform/i8042/serio0/input/input0
[host.host1] [    0.244700] IPI shorthand broadcast: enabled
[host.host1] [    0.244709] sched_clock: Marking stable (251070862, -6995747)->(143830688, 100244427)
[host.host1] [    0.550082] ata2: SATA link up 1.5 Gbps (SStatus 113 SControl 300)
[host.host1] [    0.550087] ata2.00: ATA-7: QEMU HARDDISK, 2.5+, max UDMA/100
[host.host1] [    0.550090] ata2.00: 20 sectors, multi 16: LBA48 NCQ (depth 32)
[host.host1] [    0.550094] ata2.00: applying bridge limits
[host.host1] [    0.550100] ata2.00: configured for UDMA/100
[host.host1] [    0.550104] ata4: SATA link down (SStatus 0 SControl 300)
[host.host1] [    0.550109] ata1: SATA link up 1.5 Gbps (SStatus 113 SControl 300)
[host.host1] [    0.550114] ata1.00: ATA-7: QEMU HARDDISK, 2.5+, max UDMA/100
[host.host1] [    0.550117] ata1.00: 83886080 sectors, multi 16: LBA48 NCQ (depth 32)
[host.host1] [    0.550121] ata1.00: applying bridge limits
[host.host1] [    0.550124] ata5: SATA link down (SStatus 0 SControl 300)
[host.host1] [    0.550128] ata6: SATA link down (SStatus 0 SControl 300)
[host.host1] [    0.550133] ata3: SATA link up 1.5 Gbps (SStatus 113 SControl 300)
[host.host1] [    0.550138] ata3.00: ATAPI: QEMU DVD-ROM, 2.5+, max UDMA/100
[host.host1] [    0.550142] ata3.00: applying bridge limits
[host.host1] [    0.550148] ata3.00: configured for UDMA/100
[host.host1] [    0.550158] ata1.00: configured for UDMA/100
[host.host1] [    0.550184] scsi 0:0:0:0: Direct-Access     ATA      QEMU HARDDISK    2.5+ PQ: 0 ANSI: 5
[host.host1] [    0.550247] scsi 0:0:0:0: Attached scsi generic sg0 type 0
[host.host1] [    0.550315] scsi 1:0:0:0: Direct-Access     ATA      QEMU HARDDISK    2.5+ PQ: 0 ANSI: 5
[host.host1] [    0.550379] scsi 1:0:0:0: Attached scsi generic sg1 type 0
[host.host1] [    0.550495] scsi 2:0:0:0: CD-ROM            QEMU     QEMU DVD-ROM     2.5+ PQ: 0 ANSI: 5
[host.host1] [    0.550562] sd 0:0:0:0: [sda] 83886080 512-byte logical blocks: (42.9 GB/40.0 GiB)
[host.host1] [    0.550569] sd 0:0:0:0: [sda] Write Protect is off
[host.host1] [    0.550581] sd 0:0:0:0: [sda] Write cache: enabled, read cache: enabled, doesn't support DPO or FUA
[host.host1] [    0.550654] sd 1:0:0:0: [sdb] 20 512-byte logical blocks: (10.2 kB/10.0 KiB)
[host.host1] [    0.550661] sd 1:0:0:0: [sdb] Write Protect is off
[host.host1] [    0.550729] sd 1:0:0:0: [sdb] Write cache: enabled, read cache: enabled, doesn't support DPO or FUA
[host.host0] [    0.550082] ata2: SATA link up 1.5 Gbps (SStatus 113 SControl 300)
[host.host0] [    0.550087] ata2.00: ATA-7: QEMU HARDDISK, 2.5+, max UDMA/100
[host.host0] [    0.550090] ata2.00: 20 sectors, multi 16: LBA48 NCQ (depth 32)
[host.host0] [    0.550094] ata2.00: applying bridge limits
[host.host0] [    0.550100] ata2.00: configured for UDMA/100
[host.host0] [    0.550104] ata4: SATA link down (SStatus 0 SControl 300)
[host.host0] [    0.550109] ata1: SATA link up 1.5 Gbps (SStatus 113 SControl 300)
[host.host0] [    0.550114] ata1.00: ATA-7: QEMU HARDDISK, 2.5+, max UDMA/100
[host.host0] [    0.550117] ata1.00: 83886080 sectors, multi 16: LBA48 NCQ (depth 32)
[host.host0] [    0.550121] ata1.00: applying bridge limits
[host.host0] [    0.550124] ata5: SATA link down (SStatus 0 SControl 300)
[host.host0] [    0.550128] ata6: SATA link down (SStatus 0 SControl 300)
[host.host0] [    0.550133] ata3: SATA link up 1.5 Gbps (SStatus 113 SControl 300)
[host.host0] [    0.550138] ata3.00: ATAPI: QEMU DVD-ROM, 2.5+, max UDMA/100
[host.host0] [    0.550142] ata3.00: applying bridge limits
[host.host0] [    0.550148] ata3.00: configured for UDMA/100
[host.host0] [    0.550158] ata1.00: configured for UDMA/100
[host.host0] [    0.550184] scsi 0:0:0:0: Direct-Access     ATA      QEMU HARDDISK    2.5+ PQ: 0 ANSI: 5
[host.host0] [    0.550247] scsi 0:0:0:0: Attached scsi generic sg0 type 0
[host.host0] [    0.550315] scsi 1:0:0:0: Direct-Access     ATA      QEMU HARDDISK    2.5+ PQ: 0 ANSI: 5
[host.host0] [    0.550379] scsi 1:0:0:0: Attached scsi generic sg1 type 0
[host.host0] [    0.550495] scsi 2:0:0:0: CD-ROM            QEMU     QEMU DVD-ROM     2.5+ PQ: 0 ANSI: 5
[host.host0] [    0.550562] sd 0:0:0:0: [sda] 83886080 512-byte logical blocks: (42.9 GB/40.0 GiB)
[host.host0] [    0.550569] sd 0:0:0:0: [sda] Write Protect is off
[host.host0] [    0.550581] sd 0:0:0:0: [sda] Write cache: enabled, read cache: enabled, doesn't support DPO or FUA
[host.host0] [    0.550654] sd 1:0:0:0: [sdb] 20 512-byte logical blocks: (10.2 kB/10.0 KiB)
[host.host0] [    0.550661] sd 1:0:0:0: [sdb] Write Protect is off
[host.host0] [    0.550729] sd 1:0:0:0: [sdb] Write cache: enabled, read cache: enabled, doesn't support DPO or FUA
[host.host-dpu] [    0.550085] ata5: SATA link down (SStatus 0 SControl 300)
[host.host-dpu] [    0.550089] ata1: SATA link up 1.5 Gbps (SStatus 113 SControl 300)
[host.host-dpu] [    0.550094] ata1.00: ATA-7: QEMU HARDDISK, 2.5+, max UDMA/100
[host.host-dpu] [    0.550097] ata1.00: 83886080 sectors, multi 16: LBA48 NCQ (depth 32)
[host.host-dpu] [    0.550102] ata1.00: applying bridge limits
[host.host-dpu] [    0.550108] ata1.00: configured for UDMA/100
[host.host-dpu] [    0.550125] ata4: SATA link down (SStatus 0 SControl 300)
[host.host-dpu] [    0.550129] ata2: SATA link up 1.5 Gbps (SStatus 113 SControl 300)
[host.host-dpu] [    0.550135] ata2.00: ATA-7: QEMU HARDDISK, 2.5+, max UDMA/100
[host.host-dpu] [    0.550138] ata2.00: 20 sectors, multi 16: LBA48 NCQ (depth 32)
[host.host-dpu] [    0.550142] ata2.00: applying bridge limits
[host.host-dpu] [    0.550148] ata2.00: configured for UDMA/100
[host.host-dpu] [    0.550152] ata6: SATA link down (SStatus 0 SControl 300)
[host.host-dpu] [    0.550156] ata3: SATA link up 1.5 Gbps (SStatus 113 SControl 300)
[host.host-dpu] [    0.550161] ata3.00: ATAPI: QEMU DVD-ROM, 2.5+, max UDMA/100
[host.host-dpu] [    0.550165] ata3.00: applying bridge limits
[host.host-dpu] [    0.550172] ata3.00: configured for UDMA/100
[host.host-dpu] [    0.550186] scsi 0:0:0:0: Direct-Access     ATA      QEMU HARDDISK    2.5+ PQ: 0 ANSI: 5
[host.host-dpu] [    0.550250] scsi 0:0:0:0: Attached scsi generic sg0 type 0
[host.host-dpu] [    0.550319] scsi 1:0:0:0: Direct-Access     ATA      QEMU HARDDISK    2.5+ PQ: 0 ANSI: 5
[host.host-dpu] [    0.550382] scsi 1:0:0:0: Attached scsi generic sg1 type 0
[host.host-dpu] [    0.550498] scsi 2:0:0:0: CD-ROM            QEMU     QEMU DVD-ROM     2.5+ PQ: 0 ANSI: 5
[host.host-dpu] [    0.550565] sd 0:0:0:0: [sda] 83886080 512-byte logical blocks: (42.9 GB/40.0 GiB)
[host.host-dpu] [    0.550572] sd 0:0:0:0: [sda] Write Protect is off
[host.host-dpu] [    0.550584] sd 0:0:0:0: [sda] Write cache: enabled, read cache: enabled, doesn't support DPO or FUA
[host.host-dpu] [    0.550656] sd 1:0:0:0: [sdb] 20 512-byte logical blocks: (10.2 kB/10.0 KiB)
[host.host-dpu] [    0.550663] sd 1:0:0:0: [sdb] Write Protect is off
[host.host-dpu] [    0.550732] sd 1:0:0:0: [sdb] Write cache: enabled, read cache: enabled, doesn't support DPO or FUA
[host.host1] [    0.551052]  sda: sda1 sda14 sda15
[host.host1] [    0.551177] sd 1:0:0:0: [sdb] Attached SCSI disk
[host.host1] [    0.551382] sd 0:0:0:0: [sda] Attached SCSI disk
[host.host0] [    0.551069]  sda: sda1 sda14 sda15
[host.host0] [    0.551177] sd 1:0:0:0: [sdb] Attached SCSI disk
[host.host0] [    0.551383] sd 0:0:0:0: [sda] Attached SCSI disk
[host.host-dpu] [    0.551079]  sda: sda1 sda14 sda15
[host.host-dpu] [    0.551181] sd 1:0:0:0: [sdb] Attached SCSI disk
[host.host-dpu] [    0.551386] sd 0:0:0:0: [sda] Attached SCSI disk
[host.host1] [    0.564087] sr 2:0:0:0: [sr0] scsi3-mmc drive: 4x/4x cd/rw xa/form2 tray
[host.host1] [    0.564090] cdrom: Uniform CD-ROM driver Revision: 3.20
[host.host0] [    0.564087] sr 2:0:0:0: [sr0] scsi3-mmc drive: 4x/4x cd/rw xa/form2 tray
[host.host0] [    0.564090] cdrom: Uniform CD-ROM driver Revision: 3.20
[host.host-dpu] [    0.564090] sr 2:0:0:0: [sr0] scsi3-mmc drive: 4x/4x cd/rw xa/form2 tray
[host.host-dpu] [    0.564093] cdrom: Uniform CD-ROM driver Revision: 3.20
[host.host1] [    0.578203] sr 2:0:0:0: Attached scsi generic sg2 type 5
[host.host0] [    0.578203] sr 2:0:0:0: Attached scsi generic sg2 type 5
[host.host-dpu] [    0.578207] sr 2:0:0:0: Attached scsi generic sg2 type 5
[host.host-dpu] [    0.580896] EXT4-fs (sda1): mounted filesystem with ordered data mode. Opts: (null). Quota mode: none.
[host.host-dpu] [    0.580904] VFS: Mounted root (ext4 filesystem) on device 8:1.
[host.host-dpu] [    0.580922] devtmpfs: mounted
[host.host-dpu] [    0.581632] Freeing unused kernel image (initmem) memory: 1924K
[host.host-dpu] [    0.583084] Write protecting the kernel read-only data: 14336k
[host.host1] [    0.580899] EXT4-fs (sda1): mounted filesystem with ordered data mode. Opts: (null). Quota mode: none.
[host.host1] [    0.580906] VFS: Mounted root (ext4 filesystem) on device 8:1.
[host.host1] [    0.580925] devtmpfs: mounted
[host.host1] [    0.581634] Freeing unused kernel image (initmem) memory: 1924K
[host.host1] [    0.583081] Write protecting the kernel read-only data: 14336k
[host.host0] [    0.580899] EXT4-fs (sda1): mounted filesystem with ordered data mode. Opts: (null). Quota mode: none.
[host.host0] [    0.580906] VFS: Mounted root (ext4 filesystem) on device 8:1.
[host.host0] [    0.580925] devtmpfs: mounted
[host.host0] [    0.581634] Freeing unused kernel image (initmem) memory: 1924K
[host.host0] [    0.583081] Write protecting the kernel read-only data: 14336k
[host.host-dpu] [    0.583988] Freeing unused kernel image (text/rodata gap) memory: 2040K
